Archive member included because of file (symbol)

C:\marmalade\7.1\s3e\edk\lib\android/libedk.a(edk_helpers.o)
                              release\s3eAndroidOS_platform.os (s3eEdkThreadRunOnOS)

Discarded input sections

 .text          0x00000000       0x14 C:/android-ndk-r9/platforms/android-9/arch-arm/usr/lib/crtbegin_so.o
 .bss           0x00000000        0x0 C:/android-ndk-r9/platforms/android-9/arch-arm/usr/lib/crtbegin_so.o
 .note.GNU-stack
                0x00000000        0x0 C:/android-ndk-r9/platforms/android-9/arch-arm/usr/lib/crtbegin_so.o
 .group         0x00000000        0x8 release\s3eAndroidOS_platform.os
 .group         0x00000000        0x8 release\s3eAndroidOS_platform.os
 .text          0x00000000        0x0 release\s3eAndroidOS_platform.os
 .data          0x00000000        0x0 release\s3eAndroidOS_platform.os
 .note.GNU-stack
                0x00000000        0x0 release\s3eAndroidOS_platform.os
 .text          0x00000000        0x0 release\s3eAndroidOS.os
 .data          0x00000000        0x0 release\s3eAndroidOS.os
 .bss           0x00000000        0x0 release\s3eAndroidOS.os
 .note.GNU-stack
                0x00000000        0x0 release\s3eAndroidOS.os
 .text          0x00000000        0x0 release\s3eAndroidOS_register.os
 .data          0x00000000        0x0 release\s3eAndroidOS_register.os
 .bss           0x00000000        0x0 release\s3eAndroidOS_register.os
 .text._Z23s3eAndroidOSRegisterExtv
                0x00000000       0x70 release\s3eAndroidOS_register.os
 .note.GNU-stack
                0x00000000        0x0 release\s3eAndroidOS_register.os
 .text          0x00000000        0x0 C:\marmalade\7.1\s3e\edk\lib\android/libedk.a(edk_helpers.o)
 .data          0x00000000        0x0 C:\marmalade\7.1\s3e\edk\lib\android/libedk.a(edk_helpers.o)
 .bss           0x00000000        0x0 C:\marmalade\7.1\s3e\edk\lib\android/libedk.a(edk_helpers.o)
 .text.s3eEdkThreadRunOnOSAsync
                0x00000000       0x30 C:\marmalade\7.1\s3e\edk\lib\android/libedk.a(edk_helpers.o)
 .text.s3eEdkErrorSetString
                0x00000000       0x30 C:\marmalade\7.1\s3e\edk\lib\android/libedk.a(edk_helpers.o)
 .note.GNU-stack
                0x00000000        0x0 C:\marmalade\7.1\s3e\edk\lib\android/libedk.a(edk_helpers.o)
 .text          0x00000000        0x0 C:/android-ndk-r9/platforms/android-9/arch-arm/usr/lib/crtend_so.o
 .data          0x00000000        0x0 C:/android-ndk-r9/platforms/android-9/arch-arm/usr/lib/crtend_so.o
 .bss           0x00000000        0x0 C:/android-ndk-r9/platforms/android-9/arch-arm/usr/lib/crtend_so.o
 .note.GNU-stack
                0x00000000        0x0 C:/android-ndk-r9/platforms/android-9/arch-arm/usr/lib/crtend_so.o

Memory map

 ** file header
                0x00000000       0x34
 ** segment headers
                0x00000034       0xe0

.interp         0x00000114       0x13
 ** fill        0x00000114       0x13

.dynsym         0x00000128       0xd0
 ** dynsym      0x00000128       0xd0

.dynstr         0x000001f8       0xf2
 ** string table
                0x000001f8       0xf2

.hash           0x000002ec       0x48
 ** hash        0x000002ec       0x48

.rel.dyn        0x00000334       0x20
 ** dynamic relocs
                0x00000334       0x20

.rel.plt        0x00000354       0x28
 ** dynamic relocs
                0x00000354       0x28

.plt            0x0000037c       0x50
 ** PLT         0x0000037c       0x50

.text           0x000003cc      0x41c
 .text.exit     0x000003cc       0x10 C:/android-ndk-r9/platforms/android-9/arch-arm/usr/lib/crtbegin_so.o
                0x000003cc                __on_dlclose
 .text._ZL27s3eEdkAndroidFindClass_realPKc
                0x000003dc       0xb8 release\s3eAndroidOS_platform.os
 .text._ZN7_JNIEnv9NewObjectEP7_jclassP10_jmethodIDz
                0x00000494       0x38 release\s3eAndroidOS_platform.os
                0x00000494                _JNIEnv::NewObject(_jclass*, _jmethodID*, ...)
 .text._ZN7_JNIEnv22CallStaticObjectMethodEP7_jclassP10_jmethodIDz
                0x000004cc       0x38 release\s3eAndroidOS_platform.os
                0x000004cc                _JNIEnv::CallStaticObjectMethod(_jclass*, _jmethodID*, ...)
 .text._Z25s3eAndroidOSInit_platformv
                0x00000504      0x17c release\s3eAndroidOS_platform.os
                0x00000504                s3eAndroidOSInit_platform()
 .text._Z30s3eAndroidOSTerminate_platformv
                0x00000680        0x4 release\s3eAndroidOS_platform.os
                0x00000680                s3eAndroidOSTerminate_platform()
 .text._Z36s3eAndroidOSGetManufacturer_platformv
                0x00000684       0xb8 release\s3eAndroidOS_platform.os
                0x00000684                s3eAndroidOSGetManufacturer_platform()
 .text._Z16s3eAndroidOSInitv
                0x0000073c        0x4 release\s3eAndroidOS.os
                0x0000073c                s3eAndroidOSInit()
 .text._Z21s3eAndroidOSTerminatev
                0x00000740        0x4 release\s3eAndroidOS.os
                0x00000740                s3eAndroidOSTerminate()
 .text.s3eAndroidOSGetManufacturer
                0x00000744        0x4 release\s3eAndroidOS.os
                0x00000744                s3eAndroidOSGetManufacturer
 .text.RegisterExt
                0x00000748       0x70 release\s3eAndroidOS_register.os
                0x00000748                RegisterExt
 .text.s3eEdkThreadRunOnOS
                0xffffffffffffffff       0x30 C:\marmalade\7.1\s3e\edk\lib\android/libedk.a(edk_helpers.o)
                0x000007b8                s3eEdkThreadRunOnOS

.rodata         0x000007e8       0x4d
 ** merge strings
                0x000007e8       0x4d

.fini_array     0x00001ee8        0x8
 .fini_array    0x00001ee8        0x4 C:/android-ndk-r9/platforms/android-9/arch-arm/usr/lib/crtbegin_so.o
 .fini_array    0x00001eec        0x4 C:/android-ndk-r9/platforms/android-9/arch-arm/usr/lib/crtend_so.o

.init_array     0x00001ef0        0x4
 .init_array    0x00001ef0        0x4 C:/android-ndk-r9/platforms/android-9/arch-arm/usr/lib/crtend_so.o

.dynamic        0x00001ef4       0xe0
 ** dynamic     0x00001ef4       0xe0

.got            0x00001fd4       0x2c
 ** GOT         0x00001fd4        0xc
 ** GOT PLT     0x00001fe0       0x20

.data           0x00002000        0x4
 .data          0x00002000        0x4 C:/android-ndk-r9/platforms/android-9/arch-arm/usr/lib/crtbegin_so.o
                0x00002000                __dso_handle

.bss            0x00002004       0x8c
 .bss           0x00002004       0x8c release\s3eAndroidOS_platform.os
