Archive member included to satisfy reference by file (symbol)

C:\marmalade\8.0\s3e\edk\lib\android\libedk.a(edk_helpers.o)
                              release\s3eAndroidOS_platform.os (s3eEdkThreadRunOnOS)
C:\marmalade\8.0\s3e\edk\lib\android\libedk.a(android_edk_marker.o)
                              (libplaceholderplaceholderplaceholderplaceholderplaceholder)

As-needed library included to satisfy reference by file (symbol)

libs3e_android.so             release\s3eAndroidOS_register.os (s3eEdkRegister)
libc.so                       C:/android-ndk-r10e/platforms/android-14/arch-arm/usr/lib/crtbegin_so.o (__cxa_atexit)

Discarded input sections

 .text          0x0000000000000000       0x34 C:/android-ndk-r10e/platforms/android-14/arch-arm/usr/lib/crtbegin_so.o
 .bss           0x0000000000000000        0x0 C:/android-ndk-r10e/platforms/android-14/arch-arm/usr/lib/crtbegin_so.o
 .note.GNU-stack
                0x0000000000000000        0x0 C:/android-ndk-r10e/platforms/android-14/arch-arm/usr/lib/crtbegin_so.o
 .group         0x0000000000000000        0x8 release\s3eAndroidOS_platform.os
 .group         0x0000000000000000        0x8 release\s3eAndroidOS_platform.os
 .group         0x0000000000000000        0x8 release\s3eAndroidOS_platform.os
 .text          0x0000000000000000        0x0 release\s3eAndroidOS_platform.os
 .data          0x0000000000000000        0x0 release\s3eAndroidOS_platform.os
 .note.GNU-stack
                0x0000000000000000        0x0 release\s3eAndroidOS_platform.os
 .text          0x0000000000000000        0x0 release\s3eAndroidOS.os
 .data          0x0000000000000000        0x0 release\s3eAndroidOS.os
 .bss           0x0000000000000000        0x0 release\s3eAndroidOS.os
 .note.GNU-stack
                0x0000000000000000        0x0 release\s3eAndroidOS.os
 .text          0x0000000000000000        0x0 release\s3eAndroidOS_register.os
 .data          0x0000000000000000        0x0 release\s3eAndroidOS_register.os
 .bss           0x0000000000000000        0x0 release\s3eAndroidOS_register.os
 .text._Z23s3eAndroidOSRegisterExtv
                0x0000000000000000       0x98 release\s3eAndroidOS_register.os
 .note.GNU-stack
                0x0000000000000000        0x0 release\s3eAndroidOS_register.os
 .text          0x0000000000000000        0x0 C:\marmalade\8.0\s3e\edk\lib\android\libedk.a(edk_helpers.o)
 .data          0x0000000000000000        0x0 C:\marmalade\8.0\s3e\edk\lib\android\libedk.a(edk_helpers.o)
 .bss           0x0000000000000000        0x0 C:\marmalade\8.0\s3e\edk\lib\android\libedk.a(edk_helpers.o)
 .text.s3eEdkErrorSetString
                0x0000000000000000       0x30 C:\marmalade\8.0\s3e\edk\lib\android\libedk.a(edk_helpers.o)
 .text.s3eEdkThreadRunOnOSAsync
                0x0000000000000000       0x30 C:\marmalade\8.0\s3e\edk\lib\android\libedk.a(edk_helpers.o)
 .note.GNU-stack
                0x0000000000000000        0x0 C:\marmalade\8.0\s3e\edk\lib\android\libedk.a(edk_helpers.o)
 .text          0x0000000000000000        0x0 C:\marmalade\8.0\s3e\edk\lib\android\libedk.a(android_edk_marker.o)
 .data          0x0000000000000000        0x0 C:\marmalade\8.0\s3e\edk\lib\android\libedk.a(android_edk_marker.o)
 .bss           0x0000000000000000        0x0 C:\marmalade\8.0\s3e\edk\lib\android\libedk.a(android_edk_marker.o)
 .note.GNU-stack
                0x0000000000000000        0x0 C:\marmalade\8.0\s3e\edk\lib\android\libedk.a(android_edk_marker.o)
 .text          0x0000000000000000        0x0 C:/android-ndk-r10e/platforms/android-14/arch-arm/usr/lib/crtend_so.o
 .data          0x0000000000000000        0x0 C:/android-ndk-r10e/platforms/android-14/arch-arm/usr/lib/crtend_so.o
 .bss           0x0000000000000000        0x0 C:/android-ndk-r10e/platforms/android-14/arch-arm/usr/lib/crtend_so.o
 .note.GNU-stack
                0x0000000000000000        0x0 C:/android-ndk-r10e/platforms/android-14/arch-arm/usr/lib/crtend_so.o

Memory Configuration

Name             Origin             Length             Attributes
*default*        0x0000000000000000 0xffffffffffffffff

Linker script and memory map

LOAD C:/android-ndk-r10e/platforms/android-14/arch-arm/usr/lib/crtbegin_so.o
LOAD release\s3eAndroidOS_platform.os
LOAD release\s3eAndroidOS.os
LOAD release\s3eAndroidOS_register.os
LOAD C:\marmalade\8.0\s3e\edk\lib\android\libedk.a
LOAD C:\marmalade\8.0\s3e\edk\lib\android/libs3e_android.so
LOAD C:\android-ndk-r10e\platforms\android-14\arch-arm\usr\lib/liblog.so
LOAD C:\android-ndk-r10e\sources\cxx-stl\gnu-libstdc++\4.9\libs\armeabi\libgnustl_static.a
LOAD c:/android-ndk-r10e/toolchains/arm-linux-androideabi-4.9/prebuilt/windows-x86_64/bin/../lib/gcc/arm-linux-androideabi/4.9\libgcc.a
LOAD C:\android-ndk-r10e\platforms\android-14\arch-arm\usr\lib/libstdc++.so
LOAD C:\android-ndk-r10e\platforms\android-14\arch-arm\usr\lib/libm.so
LOAD C:\android-ndk-r10e\platforms\android-14\arch-arm\usr\lib/libc.so
LOAD c:/android-ndk-r10e/toolchains/arm-linux-androideabi-4.9/prebuilt/windows-x86_64/bin/../lib/gcc/arm-linux-androideabi/4.9\libgcc.a
LOAD C:\android-ndk-r10e\platforms\android-14\arch-arm\usr\lib/libc.so
LOAD C:\android-ndk-r10e\platforms\android-14\arch-arm\usr\lib/libdl.so
LOAD c:/android-ndk-r10e/toolchains/arm-linux-androideabi-4.9/prebuilt/windows-x86_64/bin/../lib/gcc/arm-linux-androideabi/4.9\libgcc.a
LOAD C:/android-ndk-r10e/platforms/android-14/arch-arm/usr/lib/crtend_so.o
                0x00000000000000d4                . = (0x0 + SIZEOF_HEADERS)

.note.gnu.build-id
 *(.note.gnu.build-id)

.hash           0x00000000000000d4       0x58
 *(.hash)
 .hash          0x00000000000000d4       0x58 C:/android-ndk-r10e/platforms/android-14/arch-arm/usr/lib/crtbegin_so.o

.gnu.hash
 *(.gnu.hash)

.dynsym         0x000000000000012c      0x110
 *(.dynsym)
 .dynsym        0x000000000000012c      0x110 C:/android-ndk-r10e/platforms/android-14/arch-arm/usr/lib/crtbegin_so.o

.dynstr         0x000000000000023c       0xe6
 *(.dynstr)
 .dynstr        0x000000000000023c       0xe6 C:/android-ndk-r10e/platforms/android-14/arch-arm/usr/lib/crtbegin_so.o

.gnu.version    0x0000000000000322        0x0
 *(.gnu.version)
 .gnu.version   0x0000000000000322        0x0 C:/android-ndk-r10e/platforms/android-14/arch-arm/usr/lib/crtbegin_so.o

.gnu.version_d  0x0000000000000324        0x0
 *(.gnu.version_d)
 .gnu.version_d
                0x0000000000000324        0x0 C:/android-ndk-r10e/platforms/android-14/arch-arm/usr/lib/crtbegin_so.o

.gnu.version_r  0x0000000000000324        0x0
 *(.gnu.version_r)
 .gnu.version_r
                0x0000000000000324        0x0 C:/android-ndk-r10e/platforms/android-14/arch-arm/usr/lib/crtbegin_so.o

.rel.dyn        0x0000000000000324       0x30
 *(.rel.init)
 *(.rel.text .rel.text.* .rel.gnu.linkonce.t.*)
 *(.rel.fini)
 *(.rel.rodata .rel.rodata.* .rel.gnu.linkonce.r.*)
 *(.rel.data.rel.ro .rel.data.rel.ro.* .rel.gnu.linkonce.d.rel.ro.*)
 *(.rel.data .rel.data.* .rel.gnu.linkonce.d.*)
 *(.rel.tdata .rel.tdata.* .rel.gnu.linkonce.td.*)
 *(.rel.tbss .rel.tbss.* .rel.gnu.linkonce.tb.*)
 *(.rel.ctors)
 *(.rel.dtors)
 *(.rel.got)
 .rel.got       0x0000000000000324       0x28 C:/android-ndk-r10e/platforms/android-14/arch-arm/usr/lib/crtbegin_so.o
 *(.rel.bss .rel.bss.* .rel.gnu.linkonce.b.*)
 *(.rel.iplt)
 .rel.iplt      0x000000000000034c        0x0 C:/android-ndk-r10e/platforms/android-14/arch-arm/usr/lib/crtbegin_so.o
 .rel.fini_array
                0x000000000000034c        0x8 C:/android-ndk-r10e/platforms/android-14/arch-arm/usr/lib/crtbegin_so.o

.rela.dyn
 *(.rela.init)
 *(.rela.text .rela.text.* .rela.gnu.linkonce.t.*)
 *(.rela.fini)
 *(.rela.rodata .rela.rodata.* .rela.gnu.linkonce.r.*)
 *(.rela.data .rela.data.* .rela.gnu.linkonce.d.*)
 *(.rela.tdata .rela.tdata.* .rela.gnu.linkonce.td.*)
 *(.rela.tbss .rela.tbss.* .rela.gnu.linkonce.tb.*)
 *(.rela.ctors)
 *(.rela.dtors)
 *(.rela.got)
 *(.rela.bss .rela.bss.* .rela.gnu.linkonce.b.*)
 *(.rela.iplt)

.rel.plt        0x0000000000000354       0x28
 *(.rel.plt)
 .rel.plt       0x0000000000000354       0x28 C:/android-ndk-r10e/platforms/android-14/arch-arm/usr/lib/crtbegin_so.o

.rela.plt
 *(.rela.plt)

.init
 *(SORT(.init))

.plt            0x000000000000037c       0x50
 *(.plt)
 .plt           0x000000000000037c       0x50 C:/android-ndk-r10e/platforms/android-14/arch-arm/usr/lib/crtbegin_so.o

.iplt           0x00000000000003cc        0x0
 *(.iplt)
 .iplt          0x00000000000003cc        0x0 C:/android-ndk-r10e/platforms/android-14/arch-arm/usr/lib/crtbegin_so.o

.text           0x00000000000003cc      0x5f8
 *(.text.unlikely .text.*_unlikely .text.unlikely.*)
 *(.text.exit .text.exit.*)
 .text.exit     0x00000000000003cc       0x10 C:/android-ndk-r10e/platforms/android-14/arch-arm/usr/lib/crtbegin_so.o
                0x00000000000003cc                __on_dlclose
 *(.text.startup .text.startup.*)
 *(.text.hot .text.hot.*)
 *(.text .stub .text.* .gnu.linkonce.t.*)
 .text._ZL27s3eEdkAndroidFindClass_realPKc
                0x00000000000003dc       0xb8 release\s3eAndroidOS_platform.os
 .text._ZN7_JNIEnv9NewObjectEP7_jclassP10_jmethodIDz
                0x0000000000000494       0x38 release\s3eAndroidOS_platform.os
                0x0000000000000494                _JNIEnv::NewObject(_jclass*, _jmethodID*, ...)
 .text._ZN7_JNIEnv22CallStaticObjectMethodEP7_jclassP10_jmethodIDz
                0x00000000000004cc       0x38 release\s3eAndroidOS_platform.os
                0x00000000000004cc                _JNIEnv::CallStaticObjectMethod(_jclass*, _jmethodID*, ...)
 .text._ZN7_JNIEnv19CallStaticIntMethodEP7_jclassP10_jmethodIDz
                0x0000000000000504       0x38 release\s3eAndroidOS_platform.os
                0x0000000000000504                _JNIEnv::CallStaticIntMethod(_jclass*, _jmethodID*, ...)
 .text._Z25s3eAndroidOSInit_platformv
                0x000000000000053c      0x1e8 release\s3eAndroidOS_platform.os
                0x000000000000053c                s3eAndroidOSInit_platform()
 .text._Z30s3eAndroidOSTerminate_platformv
                0x0000000000000724        0x4 release\s3eAndroidOS_platform.os
                0x0000000000000724                s3eAndroidOSTerminate_platform()
 .text._Z36s3eAndroidOSGetManufacturer_platformv
                0x0000000000000728       0xb4 release\s3eAndroidOS_platform.os
                0x0000000000000728                s3eAndroidOSGetManufacturer_platform()
 .text._Z29s3eAndroidOSGetModel_platformv
                0x00000000000007dc       0xb8 release\s3eAndroidOS_platform.os
                0x00000000000007dc                s3eAndroidOSGetModel_platform()
 .text._Z34s3eAndroidOSGetUIModeType_platformv
                0x0000000000000894       0x50 release\s3eAndroidOS_platform.os
                0x0000000000000894                s3eAndroidOSGetUIModeType_platform()
 .text._Z16s3eAndroidOSInitv
                0x00000000000008e4        0x4 release\s3eAndroidOS.os
                0x00000000000008e4                s3eAndroidOSInit()
 .text._Z21s3eAndroidOSTerminatev
                0x00000000000008e8        0x4 release\s3eAndroidOS.os
                0x00000000000008e8                s3eAndroidOSTerminate()
 .text.s3eAndroidOSGetManufacturer
                0x00000000000008ec        0x4 release\s3eAndroidOS.os
                0x00000000000008ec                s3eAndroidOSGetManufacturer
 .text.s3eAndroidOSGetModel
                0x00000000000008f0        0x4 release\s3eAndroidOS.os
                0x00000000000008f0                s3eAndroidOSGetModel
 .text.s3eAndroidOSGetUIModeType
                0x00000000000008f4        0x4 release\s3eAndroidOS.os
                0x00000000000008f4                s3eAndroidOSGetUIModeType
 .text.RegisterExt
                0x00000000000008f8       0x98 release\s3eAndroidOS_register.os
                0x00000000000008f8                RegisterExt
 .text.s3eEdkThreadRunOnOS
                0x0000000000000990       0x30 C:\marmalade\8.0\s3e\edk\lib\android\libedk.a(edk_helpers.o)
                0x0000000000000990                s3eEdkThreadRunOnOS
 .text.libplaceholderplaceholderplaceholderplaceholderplaceholder
                0x00000000000009c0        0x4 C:\marmalade\8.0\s3e\edk\lib\android\libedk.a(android_edk_marker.o)
                0x00000000000009c0                libplaceholderplaceholderplaceholderplaceholderplaceholder
 *(.gnu.warning)
 *(.glue_7t)
 .glue_7t       0x00000000000009c4        0x0 linker stubs
 *(.glue_7)
 .glue_7        0x00000000000009c4        0x0 linker stubs
 *(.vfp11_veneer)
 .vfp11_veneer  0x00000000000009c4        0x0 linker stubs
 *(.v4_bx)
 .v4_bx         0x00000000000009c4        0x0 linker stubs

.fini
 *(SORT(.fini))
                0x00000000000009c4                PROVIDE (__etext, .)
                0x00000000000009c4                PROVIDE (_etext, .)
                0x00000000000009c4                PROVIDE (etext, .)

.rodata         0x00000000000009c4       0x88
 *(.rodata .rodata.* .gnu.linkonce.r.*)
 .rodata.str1.4
                0x00000000000009c4       0x88 release\s3eAndroidOS_platform.os
 .rodata.str1.4
                0x0000000000000a4c       0x10 release\s3eAndroidOS_register.os

.rodata1
 *(.rodata1)

.ARM.extab
 *(.ARM.extab* .gnu.linkonce.armextab.*)
                0x0000000000000a5c                PROVIDE (__exidx_start, .)

.ARM.exidx
 *(.ARM.exidx* .gnu.linkonce.armexidx.*)
                0x0000000000000a5c                PROVIDE (__exidx_end, .)

.eh_frame_hdr   0x0000000000000a4c        0x0
 *(.eh_frame_hdr)
 .eh_frame_hdr  0x0000000000000a4c        0x0 C:/android-ndk-r10e/platforms/android-14/arch-arm/usr/lib/crtend_so.o

.eh_frame
 *(.eh_frame)

.gcc_except_table
 *(.gcc_except_table .gcc_except_table.*)

.exception_ranges
 *(.exception_ranges .exception_ranges*)
                0x0000000000010000                . = ALIGN (0x10000)
                0x0000000000010ee8                . = DATA_SEGMENT_ALIGN (0x10000, 0x1000)

.eh_frame
 *(.eh_frame)

.gcc_except_table
 *(.gcc_except_table .gcc_except_table.*)

.exception_ranges
 *(.exception_ranges .exception_ranges*)

.tdata
 *(.tdata .tdata.* .gnu.linkonce.td.*)

.tbss
 *(.tbss .tbss.* .gnu.linkonce.tb.*)
 *(.tcommon)
                0x0000000000010ee8                . = ALIGN (0x4)

.preinit_array
 *(.preinit_array)

.init_array     0x0000000000010ee8        0x4
 *crtbegin*.o(.init_array)
 *(SORT(.init_array.*) SORT(.ctors.*))
 *(.init_array EXCLUDE_FILE(*crtend*.o *crtend.o *crtbegin*.o *crtbegin.o) .ctors)
 .init_array    0x0000000000010ee8        0x4 C:/android-ndk-r10e/platforms/android-14/arch-arm/usr/lib/crtend_so.o

.fini_array     0x0000000000010eec        0x8
 *crtbegin*.o(.fini_array)
 .fini_array    0x0000000000010eec        0x4 C:/android-ndk-r10e/platforms/android-14/arch-arm/usr/lib/crtbegin_so.o
 *(SORT(.fini_array.*) SORT(.dtors.*))
 *(.fini_array EXCLUDE_FILE(*crtend*.o *crtend.o *crtbegin*.o *crtbegin.o) .dtors)
 .fini_array    0x0000000000010ef0        0x4 C:/android-ndk-r10e/platforms/android-14/arch-arm/usr/lib/crtend_so.o

.ctors
 *crtbegin.o(.ctors)
 *crtbegin*.o(.ctors)
 *(EXCLUDE_FILE(*crtend*.o *crtend.o) .ctors)
 *(SORT(.ctors.*))
 *(.ctors)

.dtors
 *crtbegin.o(.dtors)
 *crtbegin*.o(.dtors)
 *(EXCLUDE_FILE(*crtend*.o *crtend.o) .dtors)
 *(SORT(.dtors.*))
 *(.dtors)

.jcr
 *(.jcr)

.data.rel.ro
 *(.data.rel.ro.local* .gnu.linkonce.d.rel.ro.local.*)
 *(.data.rel.ro .data.rel.ro.* .gnu.linkonce.d.rel.ro.*)

.dynamic        0x0000000000010ef4       0xd8
 *(.dynamic)
 .dynamic       0x0000000000010ef4       0xd8 C:/android-ndk-r10e/platforms/android-14/arch-arm/usr/lib/crtbegin_so.o
                0x0000000000010ef4                _DYNAMIC

.got            0x0000000000010fcc       0x34
 *(.got.plt)
 .got.plt       0x0000000000010fcc       0x20 C:/android-ndk-r10e/platforms/android-14/arch-arm/usr/lib/crtbegin_so.o
                0x0000000000010fcc                _GLOBAL_OFFSET_TABLE_
 *(.igot.plt)
 .igot.plt      0x0000000000010fec        0x0 C:/android-ndk-r10e/platforms/android-14/arch-arm/usr/lib/crtbegin_so.o
 *(.got)
 .got           0x0000000000010fec       0x14 C:/android-ndk-r10e/platforms/android-14/arch-arm/usr/lib/crtbegin_so.o
 *(.igot)
                0x0000000000011000                . = DATA_SEGMENT_RELRO_END (., 0x0)

.data           0x0000000000011000        0x4
                0x0000000000011000                PROVIDE (__data_start, .)
 *(.data .data.* .gnu.linkonce.d.*)
 .data          0x0000000000011000        0x4 C:/android-ndk-r10e/platforms/android-14/arch-arm/usr/lib/crtbegin_so.o
                0x0000000000011000                __dso_handle

.data1
 *(.data1)
                0x0000000000011004                _edata = .
                0x0000000000011004                PROVIDE (edata, .)
                0x0000000000011004                . = .
                0x0000000000011004                __bss_start = .
                0x0000000000011004                __bss_start__ = .

.bss            0x0000000000011004      0x114
 *(.dynbss)
 .dynbss        0x0000000000011004        0x0 C:/android-ndk-r10e/platforms/android-14/arch-arm/usr/lib/crtbegin_so.o
 *(.bss .bss.* .gnu.linkonce.b.*)
 .bss           0x0000000000011004      0x114 release\s3eAndroidOS_platform.os
 *(COMMON)
                0x0000000000011118                . = ALIGN (0x4)
                0x0000000000011118                _bss_end__ = .
                0x0000000000011118                __bss_end__ = .
                0x0000000000011118                . = ALIGN (0x4)
                0x0000000000011118                . = SEGMENT_START ("ldata-segment", .)
                0x0000000000011118                . = ALIGN (0x4)
                0x0000000000011118                __end__ = .
                0x0000000000011118                _end = .
                0x0000000000011118                _bss_end__ = .
                0x0000000000011118                __bss_end__ = .
                0x0000000000011118                __end__ = .
                0x0000000000011118                PROVIDE (end, .)
                0x0000000000011118                . = DATA_SEGMENT_END (.)

.stab
 *(.stab)

.stabstr
 *(.stabstr)

.stab.excl
 *(.stab.excl)

.stab.exclstr
 *(.stab.exclstr)

.stab.index
 *(.stab.index)

.stab.indexstr
 *(.stab.indexstr)

.comment        0x0000000000000000       0x34
 *(.comment)
 .comment       0x0000000000000000        0xf C:/android-ndk-r10e/platforms/android-14/arch-arm/usr/lib/crtbegin_so.o
                                         0x10 (size before relaxing)
 .comment       0x000000000000000f       0x25 release\s3eAndroidOS_platform.os
                                         0x26 (size before relaxing)
 .comment       0x0000000000000034       0x26 release\s3eAndroidOS.os
 .comment       0x0000000000000034       0x26 release\s3eAndroidOS_register.os
 .comment       0x0000000000000034       0x26 C:\marmalade\8.0\s3e\edk\lib\android\libedk.a(edk_helpers.o)
 .comment       0x0000000000000034       0x26 C:\marmalade\8.0\s3e\edk\lib\android\libedk.a(android_edk_marker.o)

.ARM.attributes
                0x0000000000000000       0x2d
 .ARM.attributes
                0x0000000000000000       0x2b C:/android-ndk-r10e/platforms/android-14/arch-arm/usr/lib/crtbegin_so.o
 .ARM.attributes
                0x000000000000002b       0x2f release\s3eAndroidOS_platform.os
 .ARM.attributes
                0x000000000000005a       0x2f release\s3eAndroidOS.os
 .ARM.attributes
                0x0000000000000089       0x2f release\s3eAndroidOS_register.os
 .ARM.attributes
                0x00000000000000b8       0x2f C:\marmalade\8.0\s3e\edk\lib\android\libedk.a(edk_helpers.o)
 .ARM.attributes
                0x00000000000000e7       0x2f C:\marmalade\8.0\s3e\edk\lib\android\libedk.a(android_edk_marker.o)
 .ARM.attributes
                0x0000000000000116       0x1d C:/android-ndk-r10e/platforms/android-14/arch-arm/usr/lib/crtend_so.o

.debug
 *(.debug)

.line
 *(.line)

.debug_srcinfo
 *(.debug_srcinfo)

.debug_sfnames
 *(.debug_sfnames)

.debug_aranges  0x0000000000000000       0xc8
 *(.debug_aranges)
 .debug_aranges
                0x0000000000000000       0x60 release\s3eAndroidOS_platform.os
 .debug_aranges
                0x0000000000000060       0x40 release\s3eAndroidOS.os
 .debug_aranges
                0x00000000000000a0       0x28 release\s3eAndroidOS_register.os

.debug_pubnames
 *(.debug_pubnames)

.debug_info     0x0000000000000000     0x6577
 *(.debug_info .gnu.linkonce.wi.*)
 .debug_info    0x0000000000000000     0x61db release\s3eAndroidOS_platform.os
 .debug_info    0x00000000000061db      0x19a release\s3eAndroidOS.os
 .debug_info    0x0000000000006375      0x202 release\s3eAndroidOS_register.os

.debug_abbrev   0x0000000000000000      0x635
 *(.debug_abbrev)
 .debug_abbrev  0x0000000000000000      0x433 release\s3eAndroidOS_platform.os
 .debug_abbrev  0x0000000000000433       0xdf release\s3eAndroidOS.os
 .debug_abbrev  0x0000000000000512      0x123 release\s3eAndroidOS_register.os

.debug_line     0x0000000000000000      0x68b
 *(.debug_line .debug_line.* .debug_line_end)
 .debug_line    0x0000000000000000      0x44b release\s3eAndroidOS_platform.os
 .debug_line    0x000000000000044b      0x129 release\s3eAndroidOS.os
 .debug_line    0x0000000000000574      0x117 release\s3eAndroidOS_register.os

.debug_frame    0x0000000000000000      0x210
 *(.debug_frame)
 .debug_frame   0x0000000000000000      0x168 release\s3eAndroidOS_platform.os
 .debug_frame   0x0000000000000168       0x60 release\s3eAndroidOS.os
 .debug_frame   0x00000000000001c8       0x48 release\s3eAndroidOS_register.os

.debug_str      0x0000000000000000     0x4c24
 *(.debug_str)
 .debug_str     0x0000000000000000     0x4a95 release\s3eAndroidOS_platform.os
                                       0x4c1f (size before relaxing)
 .debug_str     0x0000000000004a95       0xd1 release\s3eAndroidOS.os
                                        0x445 (size before relaxing)
 .debug_str     0x0000000000004b66       0xbe release\s3eAndroidOS_register.os
                                        0x32f (size before relaxing)

.debug_loc      0x0000000000000000      0x459
 *(.debug_loc)
 .debug_loc     0x0000000000000000      0x459 release\s3eAndroidOS_platform.os

.debug_macinfo
 *(.debug_macinfo)

.debug_weaknames
 *(.debug_weaknames)

.debug_funcnames
 *(.debug_funcnames)

.debug_typenames
 *(.debug_typenames)

.debug_varnames
 *(.debug_varnames)

.debug_pubtypes
 *(.debug_pubtypes)

.debug_ranges   0x0000000000000000      0x290
 *(.debug_ranges)
 .debug_ranges  0x0000000000000000      0x208 release\s3eAndroidOS_platform.os
 .debug_ranges  0x0000000000000208       0x30 release\s3eAndroidOS.os
 .debug_ranges  0x0000000000000238       0x58 release\s3eAndroidOS_register.os

.debug_macro
 *(.debug_macro)

.gnu.attributes
 *(.gnu.attributes)

.note.gnu.arm.ident
 *(.note.gnu.arm.ident)

/DISCARD/
 *(.note.GNU-stack)
 *(.gnu_debuglink)
 *(.gnu.lto_*)
 *(.mdebug.*)
OUTPUT(C:\Users\Dan\Projects\BAMF\s3eAndroidOS\lib\android\libs3eAndroidOS.so elf32-littlearm)
