Archive member included to satisfy reference by file (symbol)

C:\marmalade\8.0\s3e\edk\lib\android\libedk.a(IwDebug.o)
                              debug\s3eAndroidOS_platform.os (IwDebugTraceIsChannelOn)
C:\marmalade\8.0\s3e\edk\lib\android\libedk.a(edk_helpers.o)
                              debug\s3eAndroidOS_platform.os (s3eEdkThreadRunOnOS)
C:\marmalade\8.0\s3e\edk\lib\android\libedk.a(android_edk_marker.o)
                              (libplaceholderplaceholderplaceholderplaceholderplaceholder)
c:/android-ndk-r10e/toolchains/arm-linux-androideabi-4.9/prebuilt/windows-x86_64/bin/../lib/gcc/arm-linux-androideabi/4.9\libgcc.a(_aeabi_ldivmod.o)
                              C:\marmalade\8.0\s3e\edk\lib\android\libedk.a(IwDebug.o) (__aeabi_ldivmod)
c:/android-ndk-r10e/toolchains/arm-linux-androideabi-4.9/prebuilt/windows-x86_64/bin/../lib/gcc/arm-linux-androideabi/4.9\libgcc.a(_dvmd_lnx.o)
                              c:/android-ndk-r10e/toolchains/arm-linux-androideabi-4.9/prebuilt/windows-x86_64/bin/../lib/gcc/arm-linux-androideabi/4.9\libgcc.a(_aeabi_ldivmod.o) (__aeabi_ldiv0)
c:/android-ndk-r10e/toolchains/arm-linux-androideabi-4.9/prebuilt/windows-x86_64/bin/../lib/gcc/arm-linux-androideabi/4.9\libgcc.a(bpabi.o)
                              c:/android-ndk-r10e/toolchains/arm-linux-androideabi-4.9/prebuilt/windows-x86_64/bin/../lib/gcc/arm-linux-androideabi/4.9\libgcc.a(_aeabi_ldivmod.o) (__gnu_ldivmod_helper)
c:/android-ndk-r10e/toolchains/arm-linux-androideabi-4.9/prebuilt/windows-x86_64/bin/../lib/gcc/arm-linux-androideabi/4.9\libgcc.a(unwind-arm.o)
                              c:/android-ndk-r10e/toolchains/arm-linux-androideabi-4.9/prebuilt/windows-x86_64/bin/../lib/gcc/arm-linux-androideabi/4.9\libgcc.a(bpabi.o) (__aeabi_unwind_cpp_pr0)
c:/android-ndk-r10e/toolchains/arm-linux-androideabi-4.9/prebuilt/windows-x86_64/bin/../lib/gcc/arm-linux-androideabi/4.9\libgcc.a(libunwind.o)
                              c:/android-ndk-r10e/toolchains/arm-linux-androideabi-4.9/prebuilt/windows-x86_64/bin/../lib/gcc/arm-linux-androideabi/4.9\libgcc.a(unwind-arm.o) (restore_core_regs)
c:/android-ndk-r10e/toolchains/arm-linux-androideabi-4.9/prebuilt/windows-x86_64/bin/../lib/gcc/arm-linux-androideabi/4.9\libgcc.a(pr-support.o)
                              c:/android-ndk-r10e/toolchains/arm-linux-androideabi-4.9/prebuilt/windows-x86_64/bin/../lib/gcc/arm-linux-androideabi/4.9\libgcc.a(unwind-arm.o) (__gnu_unwind_execute)
c:/android-ndk-r10e/toolchains/arm-linux-androideabi-4.9/prebuilt/windows-x86_64/bin/../lib/gcc/arm-linux-androideabi/4.9\libgcc.a(_divdi3.o)
                              c:/android-ndk-r10e/toolchains/arm-linux-androideabi-4.9/prebuilt/windows-x86_64/bin/../lib/gcc/arm-linux-androideabi/4.9\libgcc.a(bpabi.o) (__divdi3)
c:/android-ndk-r10e/toolchains/arm-linux-androideabi-4.9/prebuilt/windows-x86_64/bin/../lib/gcc/arm-linux-androideabi/4.9\libgcc.a(_udivdi3.o)
                              c:/android-ndk-r10e/toolchains/arm-linux-androideabi-4.9/prebuilt/windows-x86_64/bin/../lib/gcc/arm-linux-androideabi/4.9\libgcc.a(bpabi.o) (__udivdi3)
c:/android-ndk-r10e/toolchains/arm-linux-androideabi-4.9/prebuilt/windows-x86_64/bin/../lib/gcc/arm-linux-androideabi/4.9\libgcc.a(_lshrdi3.o)
                              c:/android-ndk-r10e/toolchains/arm-linux-androideabi-4.9/prebuilt/windows-x86_64/bin/../lib/gcc/arm-linux-androideabi/4.9\libgcc.a(_divdi3.o) (__aeabi_llsr)
c:/android-ndk-r10e/toolchains/arm-linux-androideabi-4.9/prebuilt/windows-x86_64/bin/../lib/gcc/arm-linux-androideabi/4.9\libgcc.a(_ashldi3.o)
                              c:/android-ndk-r10e/toolchains/arm-linux-androideabi-4.9/prebuilt/windows-x86_64/bin/../lib/gcc/arm-linux-androideabi/4.9\libgcc.a(_divdi3.o) (__aeabi_llsl)

As-needed library included to satisfy reference by file (symbol)

libs3e_android.so             C:\marmalade\8.0\s3e\edk\lib\android\libedk.a(IwDebug.o) (s3eDebugErrorShow)
libc.so                       C:/android-ndk-r10e/platforms/android-14/arch-arm/usr/lib/crtbegin_so.o (__cxa_atexit)

Discarded input sections

 .text          0x0000000000000000       0x34 C:/android-ndk-r10e/platforms/android-14/arch-arm/usr/lib/crtbegin_so.o
 .bss           0x0000000000000000        0x0 C:/android-ndk-r10e/platforms/android-14/arch-arm/usr/lib/crtbegin_so.o
 .note.GNU-stack
                0x0000000000000000        0x0 C:/android-ndk-r10e/platforms/android-14/arch-arm/usr/lib/crtbegin_so.o
 .group         0x0000000000000000        0x8 debug\s3eAndroidOS_platform.os
 .group         0x0000000000000000        0x8 debug\s3eAndroidOS_platform.os
 .group         0x0000000000000000        0x8 debug\s3eAndroidOS_platform.os
 .group         0x0000000000000000        0x8 debug\s3eAndroidOS_platform.os
 .group         0x0000000000000000        0x8 debug\s3eAndroidOS_platform.os
 .group         0x0000000000000000        0x8 debug\s3eAndroidOS_platform.os
 .group         0x0000000000000000        0x8 debug\s3eAndroidOS_platform.os
 .group         0x0000000000000000        0x8 debug\s3eAndroidOS_platform.os
 .group         0x0000000000000000        0x8 debug\s3eAndroidOS_platform.os
 .group         0x0000000000000000        0x8 debug\s3eAndroidOS_platform.os
 .group         0x0000000000000000        0x8 debug\s3eAndroidOS_platform.os
 .group         0x0000000000000000        0x8 debug\s3eAndroidOS_platform.os
 .group         0x0000000000000000        0x8 debug\s3eAndroidOS_platform.os
 .group         0x0000000000000000        0x8 debug\s3eAndroidOS_platform.os
 .group         0x0000000000000000        0x8 debug\s3eAndroidOS_platform.os
 .text          0x0000000000000000        0x0 debug\s3eAndroidOS_platform.os
 .data          0x0000000000000000        0x0 debug\s3eAndroidOS_platform.os
 .note.GNU-stack
                0x0000000000000000        0x0 debug\s3eAndroidOS_platform.os
 .text          0x0000000000000000        0x0 debug\s3eAndroidOS.os
 .data          0x0000000000000000        0x0 debug\s3eAndroidOS.os
 .bss           0x0000000000000000        0x0 debug\s3eAndroidOS.os
 .note.GNU-stack
                0x0000000000000000        0x0 debug\s3eAndroidOS.os
 .text          0x0000000000000000        0x0 debug\s3eAndroidOS_register.os
 .data          0x0000000000000000        0x0 debug\s3eAndroidOS_register.os
 .bss           0x0000000000000000        0x0 debug\s3eAndroidOS_register.os
 .note.GNU-stack
                0x0000000000000000        0x0 debug\s3eAndroidOS_register.os
 .text          0x0000000000000000        0x0 C:\marmalade\8.0\s3e\edk\lib\android\libedk.a(IwDebug.o)
 .data          0x0000000000000000        0x0 C:\marmalade\8.0\s3e\edk\lib\android\libedk.a(IwDebug.o)
 .text.IwDebugClearConfigCache
                0x0000000000000000       0x74 C:\marmalade\8.0\s3e\edk\lib\android\libedk.a(IwDebug.o)
 .text.IwDebugAssertIsChannelOn
                0x0000000000000000      0x210 C:\marmalade\8.0\s3e\edk\lib\android\libedk.a(IwDebug.o)
 .text.IwDebugAssertShow
                0x0000000000000000      0x2e8 C:\marmalade\8.0\s3e\edk\lib\android\libedk.a(IwDebug.o)
 .text.IwDebugAssertSetSolution
                0x0000000000000000       0xb4 C:\marmalade\8.0\s3e\edk\lib\android\libedk.a(IwDebug.o)
 .text.IwDebugAssertSetMessage
                0x0000000000000000       0xfc C:\marmalade\8.0\s3e\edk\lib\android\libedk.a(IwDebug.o)
 .text.IwAssertRegisterTextCallback
                0x0000000000000000       0x1c C:\marmalade\8.0\s3e\edk\lib\android\libedk.a(IwDebug.o)
 .text.IwAssertRegisterCallback
                0x0000000000000000       0x1c C:\marmalade\8.0\s3e\edk\lib\android\libedk.a(IwDebug.o)
 .text.IwDebugTraceDisable
                0x0000000000000000       0x10 C:\marmalade\8.0\s3e\edk\lib\android\libedk.a(IwDebug.o)
 .text.IwDebugTraceChannelSwitch
                0x0000000000000000      0x1fc C:\marmalade\8.0\s3e\edk\lib\android\libedk.a(IwDebug.o)
 .text.IwDebugErrorRegisterCallback
                0x0000000000000000       0x1c C:\marmalade\8.0\s3e\edk\lib\android\libedk.a(IwDebug.o)
 .text.IwDebugErrorShow
                0x0000000000000000      0x108 C:\marmalade\8.0\s3e\edk\lib\android\libedk.a(IwDebug.o)
 .text.IwDebugAssertSetUID
                0x0000000000000000       0x14 C:\marmalade\8.0\s3e\edk\lib\android\libedk.a(IwDebug.o)
 .note.GNU-stack
                0x0000000000000000        0x0 C:\marmalade\8.0\s3e\edk\lib\android\libedk.a(IwDebug.o)
 .text          0x0000000000000000        0x0 C:\marmalade\8.0\s3e\edk\lib\android\libedk.a(edk_helpers.o)
 .data          0x0000000000000000        0x0 C:\marmalade\8.0\s3e\edk\lib\android\libedk.a(edk_helpers.o)
 .bss           0x0000000000000000        0x0 C:\marmalade\8.0\s3e\edk\lib\android\libedk.a(edk_helpers.o)
 .text.s3eEdkErrorSetString
                0x0000000000000000       0x30 C:\marmalade\8.0\s3e\edk\lib\android\libedk.a(edk_helpers.o)
 .text.s3eEdkThreadRunOnOSAsync
                0x0000000000000000       0x30 C:\marmalade\8.0\s3e\edk\lib\android\libedk.a(edk_helpers.o)
 .note.GNU-stack
                0x0000000000000000        0x0 C:\marmalade\8.0\s3e\edk\lib\android\libedk.a(edk_helpers.o)
 .text          0x0000000000000000        0x0 C:\marmalade\8.0\s3e\edk\lib\android\libedk.a(android_edk_marker.o)
 .data          0x0000000000000000        0x0 C:\marmalade\8.0\s3e\edk\lib\android\libedk.a(android_edk_marker.o)
 .bss           0x0000000000000000        0x0 C:\marmalade\8.0\s3e\edk\lib\android\libedk.a(android_edk_marker.o)
 .note.GNU-stack
                0x0000000000000000        0x0 C:\marmalade\8.0\s3e\edk\lib\android\libedk.a(android_edk_marker.o)
 .data          0x0000000000000000        0x0 c:/android-ndk-r10e/toolchains/arm-linux-androideabi-4.9/prebuilt/windows-x86_64/bin/../lib/gcc/arm-linux-androideabi/4.9\libgcc.a(_aeabi_ldivmod.o)
 .bss           0x0000000000000000        0x0 c:/android-ndk-r10e/toolchains/arm-linux-androideabi-4.9/prebuilt/windows-x86_64/bin/../lib/gcc/arm-linux-androideabi/4.9\libgcc.a(_aeabi_ldivmod.o)
 .note.GNU-stack
                0x0000000000000000        0x0 c:/android-ndk-r10e/toolchains/arm-linux-androideabi-4.9/prebuilt/windows-x86_64/bin/../lib/gcc/arm-linux-androideabi/4.9\libgcc.a(_aeabi_ldivmod.o)
 .data          0x0000000000000000        0x0 c:/android-ndk-r10e/toolchains/arm-linux-androideabi-4.9/prebuilt/windows-x86_64/bin/../lib/gcc/arm-linux-androideabi/4.9\libgcc.a(_dvmd_lnx.o)
 .bss           0x0000000000000000        0x0 c:/android-ndk-r10e/toolchains/arm-linux-androideabi-4.9/prebuilt/windows-x86_64/bin/../lib/gcc/arm-linux-androideabi/4.9\libgcc.a(_dvmd_lnx.o)
 .note.GNU-stack
                0x0000000000000000        0x0 c:/android-ndk-r10e/toolchains/arm-linux-androideabi-4.9/prebuilt/windows-x86_64/bin/../lib/gcc/arm-linux-androideabi/4.9\libgcc.a(_dvmd_lnx.o)
 .data          0x0000000000000000        0x0 c:/android-ndk-r10e/toolchains/arm-linux-androideabi-4.9/prebuilt/windows-x86_64/bin/../lib/gcc/arm-linux-androideabi/4.9\libgcc.a(bpabi.o)
 .bss           0x0000000000000000        0x0 c:/android-ndk-r10e/toolchains/arm-linux-androideabi-4.9/prebuilt/windows-x86_64/bin/../lib/gcc/arm-linux-androideabi/4.9\libgcc.a(bpabi.o)
 .ARM.extab     0x0000000000000000        0x0 c:/android-ndk-r10e/toolchains/arm-linux-androideabi-4.9/prebuilt/windows-x86_64/bin/../lib/gcc/arm-linux-androideabi/4.9\libgcc.a(bpabi.o)
 .note.GNU-stack
                0x0000000000000000        0x0 c:/android-ndk-r10e/toolchains/arm-linux-androideabi-4.9/prebuilt/windows-x86_64/bin/../lib/gcc/arm-linux-androideabi/4.9\libgcc.a(bpabi.o)
 .data          0x0000000000000000        0x0 c:/android-ndk-r10e/toolchains/arm-linux-androideabi-4.9/prebuilt/windows-x86_64/bin/../lib/gcc/arm-linux-androideabi/4.9\libgcc.a(unwind-arm.o)
 .bss           0x0000000000000000        0x0 c:/android-ndk-r10e/toolchains/arm-linux-androideabi-4.9/prebuilt/windows-x86_64/bin/../lib/gcc/arm-linux-androideabi/4.9\libgcc.a(unwind-arm.o)
 .ARM.extab     0x0000000000000000        0x0 c:/android-ndk-r10e/toolchains/arm-linux-androideabi-4.9/prebuilt/windows-x86_64/bin/../lib/gcc/arm-linux-androideabi/4.9\libgcc.a(unwind-arm.o)
 .note.GNU-stack
                0x0000000000000000        0x0 c:/android-ndk-r10e/toolchains/arm-linux-androideabi-4.9/prebuilt/windows-x86_64/bin/../lib/gcc/arm-linux-androideabi/4.9\libgcc.a(unwind-arm.o)
 .data          0x0000000000000000        0x0 c:/android-ndk-r10e/toolchains/arm-linux-androideabi-4.9/prebuilt/windows-x86_64/bin/../lib/gcc/arm-linux-androideabi/4.9\libgcc.a(libunwind.o)
 .bss           0x0000000000000000        0x0 c:/android-ndk-r10e/toolchains/arm-linux-androideabi-4.9/prebuilt/windows-x86_64/bin/../lib/gcc/arm-linux-androideabi/4.9\libgcc.a(libunwind.o)
 .note.GNU-stack
                0x0000000000000000        0x0 c:/android-ndk-r10e/toolchains/arm-linux-androideabi-4.9/prebuilt/windows-x86_64/bin/../lib/gcc/arm-linux-androideabi/4.9\libgcc.a(libunwind.o)
 .data          0x0000000000000000        0x0 c:/android-ndk-r10e/toolchains/arm-linux-androideabi-4.9/prebuilt/windows-x86_64/bin/../lib/gcc/arm-linux-androideabi/4.9\libgcc.a(pr-support.o)
 .bss           0x0000000000000000        0x0 c:/android-ndk-r10e/toolchains/arm-linux-androideabi-4.9/prebuilt/windows-x86_64/bin/../lib/gcc/arm-linux-androideabi/4.9\libgcc.a(pr-support.o)
 .note.GNU-stack
                0x0000000000000000        0x0 c:/android-ndk-r10e/toolchains/arm-linux-androideabi-4.9/prebuilt/windows-x86_64/bin/../lib/gcc/arm-linux-androideabi/4.9\libgcc.a(pr-support.o)
 .data          0x0000000000000000        0x0 c:/android-ndk-r10e/toolchains/arm-linux-androideabi-4.9/prebuilt/windows-x86_64/bin/../lib/gcc/arm-linux-androideabi/4.9\libgcc.a(_divdi3.o)
 .bss           0x0000000000000000        0x0 c:/android-ndk-r10e/toolchains/arm-linux-androideabi-4.9/prebuilt/windows-x86_64/bin/../lib/gcc/arm-linux-androideabi/4.9\libgcc.a(_divdi3.o)
 .ARM.extab     0x0000000000000000        0x0 c:/android-ndk-r10e/toolchains/arm-linux-androideabi-4.9/prebuilt/windows-x86_64/bin/../lib/gcc/arm-linux-androideabi/4.9\libgcc.a(_divdi3.o)
 .note.GNU-stack
                0x0000000000000000        0x0 c:/android-ndk-r10e/toolchains/arm-linux-androideabi-4.9/prebuilt/windows-x86_64/bin/../lib/gcc/arm-linux-androideabi/4.9\libgcc.a(_divdi3.o)
 .data          0x0000000000000000        0x0 c:/android-ndk-r10e/toolchains/arm-linux-androideabi-4.9/prebuilt/windows-x86_64/bin/../lib/gcc/arm-linux-androideabi/4.9\libgcc.a(_udivdi3.o)
 .bss           0x0000000000000000        0x0 c:/android-ndk-r10e/toolchains/arm-linux-androideabi-4.9/prebuilt/windows-x86_64/bin/../lib/gcc/arm-linux-androideabi/4.9\libgcc.a(_udivdi3.o)
 .ARM.extab     0x0000000000000000        0x0 c:/android-ndk-r10e/toolchains/arm-linux-androideabi-4.9/prebuilt/windows-x86_64/bin/../lib/gcc/arm-linux-androideabi/4.9\libgcc.a(_udivdi3.o)
 .note.GNU-stack
                0x0000000000000000        0x0 c:/android-ndk-r10e/toolchains/arm-linux-androideabi-4.9/prebuilt/windows-x86_64/bin/../lib/gcc/arm-linux-androideabi/4.9\libgcc.a(_udivdi3.o)
 .data          0x0000000000000000        0x0 c:/android-ndk-r10e/toolchains/arm-linux-androideabi-4.9/prebuilt/windows-x86_64/bin/../lib/gcc/arm-linux-androideabi/4.9\libgcc.a(_lshrdi3.o)
 .bss           0x0000000000000000        0x0 c:/android-ndk-r10e/toolchains/arm-linux-androideabi-4.9/prebuilt/windows-x86_64/bin/../lib/gcc/arm-linux-androideabi/4.9\libgcc.a(_lshrdi3.o)
 .note.GNU-stack
                0x0000000000000000        0x0 c:/android-ndk-r10e/toolchains/arm-linux-androideabi-4.9/prebuilt/windows-x86_64/bin/../lib/gcc/arm-linux-androideabi/4.9\libgcc.a(_lshrdi3.o)
 .data          0x0000000000000000        0x0 c:/android-ndk-r10e/toolchains/arm-linux-androideabi-4.9/prebuilt/windows-x86_64/bin/../lib/gcc/arm-linux-androideabi/4.9\libgcc.a(_ashldi3.o)
 .bss           0x0000000000000000        0x0 c:/android-ndk-r10e/toolchains/arm-linux-androideabi-4.9/prebuilt/windows-x86_64/bin/../lib/gcc/arm-linux-androideabi/4.9\libgcc.a(_ashldi3.o)
 .note.GNU-stack
                0x0000000000000000        0x0 c:/android-ndk-r10e/toolchains/arm-linux-androideabi-4.9/prebuilt/windows-x86_64/bin/../lib/gcc/arm-linux-androideabi/4.9\libgcc.a(_ashldi3.o)
 .text          0x0000000000000000        0x0 C:/android-ndk-r10e/platforms/android-14/arch-arm/usr/lib/crtend_so.o
 .data          0x0000000000000000        0x0 C:/android-ndk-r10e/platforms/android-14/arch-arm/usr/lib/crtend_so.o
 .bss           0x0000000000000000        0x0 C:/android-ndk-r10e/platforms/android-14/arch-arm/usr/lib/crtend_so.o
 .note.GNU-stack
                0x0000000000000000        0x0 C:/android-ndk-r10e/platforms/android-14/arch-arm/usr/lib/crtend_so.o

Memory Configuration

Name             Origin             Length             Attributes
*default*        0x0000000000000000 0xffffffffffffffff

Linker script and memory map

LOAD C:/android-ndk-r10e/platforms/android-14/arch-arm/usr/lib/crtbegin_so.o
LOAD debug\s3eAndroidOS_platform.os
LOAD debug\s3eAndroidOS.os
LOAD debug\s3eAndroidOS_register.os
LOAD C:\marmalade\8.0\s3e\edk\lib\android\libedk.a
LOAD C:\marmalade\8.0\s3e\edk\lib\android/libs3e_android.so
LOAD C:\android-ndk-r10e\platforms\android-14\arch-arm\usr\lib/liblog.so
LOAD C:\android-ndk-r10e\sources\cxx-stl\gnu-libstdc++\4.9\libs\armeabi\libgnustl_static.a
LOAD c:/android-ndk-r10e/toolchains/arm-linux-androideabi-4.9/prebuilt/windows-x86_64/bin/../lib/gcc/arm-linux-androideabi/4.9\libgcc.a
LOAD C:\android-ndk-r10e\platforms\android-14\arch-arm\usr\lib/libstdc++.so
LOAD C:\android-ndk-r10e\platforms\android-14\arch-arm\usr\lib/libm.so
LOAD C:\android-ndk-r10e\platforms\android-14\arch-arm\usr\lib/libc.so
LOAD c:/android-ndk-r10e/toolchains/arm-linux-androideabi-4.9/prebuilt/windows-x86_64/bin/../lib/gcc/arm-linux-androideabi/4.9\libgcc.a
LOAD C:\android-ndk-r10e\platforms\android-14\arch-arm\usr\lib/libc.so
LOAD C:\android-ndk-r10e\platforms\android-14\arch-arm\usr\lib/libdl.so
LOAD c:/android-ndk-r10e/toolchains/arm-linux-androideabi-4.9/prebuilt/windows-x86_64/bin/../lib/gcc/arm-linux-androideabi/4.9\libgcc.a
LOAD C:/android-ndk-r10e/platforms/android-14/arch-arm/usr/lib/crtend_so.o
                0x00000000000000f4                . = (0x0 + SIZEOF_HEADERS)

.note.gnu.build-id
 *(.note.gnu.build-id)

.hash           0x00000000000000f4      0x270
 *(.hash)
 .hash          0x00000000000000f4      0x270 C:/android-ndk-r10e/platforms/android-14/arch-arm/usr/lib/crtbegin_so.o

.gnu.hash
 *(.gnu.hash)

.dynsym         0x0000000000000364      0x570
 *(.dynsym)
 .dynsym        0x0000000000000364      0x570 C:/android-ndk-r10e/platforms/android-14/arch-arm/usr/lib/crtbegin_so.o

.dynstr         0x00000000000008d4      0x58d
 *(.dynstr)
 .dynstr        0x00000000000008d4      0x58d C:/android-ndk-r10e/platforms/android-14/arch-arm/usr/lib/crtbegin_so.o

.gnu.version    0x0000000000000e62        0x0
 *(.gnu.version)
 .gnu.version   0x0000000000000e62        0x0 C:/android-ndk-r10e/platforms/android-14/arch-arm/usr/lib/crtbegin_so.o

.gnu.version_d  0x0000000000000e64        0x0
 *(.gnu.version_d)
 .gnu.version_d
                0x0000000000000e64        0x0 C:/android-ndk-r10e/platforms/android-14/arch-arm/usr/lib/crtbegin_so.o

.gnu.version_r  0x0000000000000e64        0x0
 *(.gnu.version_r)
 .gnu.version_r
                0x0000000000000e64        0x0 C:/android-ndk-r10e/platforms/android-14/arch-arm/usr/lib/crtbegin_so.o

.rel.dyn        0x0000000000000e64       0x70
 *(.rel.init)
 *(.rel.text .rel.text.* .rel.gnu.linkonce.t.*)
 *(.rel.fini)
 *(.rel.rodata .rel.rodata.* .rel.gnu.linkonce.r.*)
 *(.rel.data.rel.ro .rel.data.rel.ro.* .rel.gnu.linkonce.d.rel.ro.*)
 *(.rel.data .rel.data.* .rel.gnu.linkonce.d.*)
 *(.rel.tdata .rel.tdata.* .rel.gnu.linkonce.td.*)
 *(.rel.tbss .rel.tbss.* .rel.gnu.linkonce.tb.*)
 *(.rel.ctors)
 *(.rel.dtors)
 *(.rel.got)
 .rel.got       0x0000000000000e64       0x60 C:/android-ndk-r10e/platforms/android-14/arch-arm/usr/lib/crtbegin_so.o
 *(.rel.bss .rel.bss.* .rel.gnu.linkonce.b.*)
 *(.rel.iplt)
 .rel.iplt      0x0000000000000ec4        0x0 C:/android-ndk-r10e/platforms/android-14/arch-arm/usr/lib/crtbegin_so.o
 .rel.fini_array
                0x0000000000000ec4        0x8 C:/android-ndk-r10e/platforms/android-14/arch-arm/usr/lib/crtbegin_so.o
 .rel.init_array
                0x0000000000000ecc        0x8 C:/android-ndk-r10e/platforms/android-14/arch-arm/usr/lib/crtbegin_so.o

.rela.dyn
 *(.rela.init)
 *(.rela.text .rela.text.* .rela.gnu.linkonce.t.*)
 *(.rela.fini)
 *(.rela.rodata .rela.rodata.* .rela.gnu.linkonce.r.*)
 *(.rela.data .rela.data.* .rela.gnu.linkonce.d.*)
 *(.rela.tdata .rela.tdata.* .rela.gnu.linkonce.td.*)
 *(.rela.tbss .rela.tbss.* .rela.gnu.linkonce.tb.*)
 *(.rela.ctors)
 *(.rela.dtors)
 *(.rela.got)
 *(.rela.bss .rela.bss.* .rela.gnu.linkonce.b.*)
 *(.rela.iplt)

.rel.plt        0x0000000000000ed4       0xa8
 *(.rel.plt)
 .rel.plt       0x0000000000000ed4       0xa8 C:/android-ndk-r10e/platforms/android-14/arch-arm/usr/lib/crtbegin_so.o

.rela.plt
 *(.rela.plt)

.init
 *(SORT(.init))

.plt            0x0000000000000f7c      0x110
 *(.plt)
 .plt           0x0000000000000f7c      0x110 C:/android-ndk-r10e/platforms/android-14/arch-arm/usr/lib/crtbegin_so.o

.iplt           0x000000000000108c        0x0
 *(.iplt)
 .iplt          0x000000000000108c        0x0 C:/android-ndk-r10e/platforms/android-14/arch-arm/usr/lib/crtbegin_so.o

.text           0x000000000000108c     0x287c
 *(.text.unlikely .text.*_unlikely .text.unlikely.*)
 *(.text.exit .text.exit.*)
 .text.exit     0x000000000000108c       0x10 C:/android-ndk-r10e/platforms/android-14/arch-arm/usr/lib/crtbegin_so.o
                0x000000000000108c                __on_dlclose
 *(.text.startup .text.startup.*)
 .text.startup._GLOBAL__sub_I_IwDebug.cpp
                0x000000000000109c       0x84 C:\marmalade\8.0\s3e\edk\lib\android\libedk.a(IwDebug.o)
 *(.text.hot .text.hot.*)
 *(.text .stub .text.* .gnu.linkonce.t.*)
 .text._ZN7_JNIEnv9FindClassEPKc
                0x0000000000001120       0x3c debug\s3eAndroidOS_platform.os
                0x0000000000001120                _JNIEnv::FindClass(char const*)
 .text._ZN7_JNIEnv17ExceptionOccurredEv
                0x000000000000115c       0x34 debug\s3eAndroidOS_platform.os
                0x000000000000115c                _JNIEnv::ExceptionOccurred()
 .text._ZN7_JNIEnv17ExceptionDescribeEv
                0x0000000000001190       0x28 debug\s3eAndroidOS_platform.os
                0x0000000000001190                _JNIEnv::ExceptionDescribe()
 .text._ZN7_JNIEnv14ExceptionClearEv
                0x00000000000011b8       0x28 debug\s3eAndroidOS_platform.os
                0x00000000000011b8                _JNIEnv::ExceptionClear()
 .text._ZN7_JNIEnv12NewGlobalRefEP8_jobject
                0x00000000000011e0       0x3c debug\s3eAndroidOS_platform.os
                0x00000000000011e0                _JNIEnv::NewGlobalRef(_jobject*)
 .text._ZN7_JNIEnv15DeleteGlobalRefEP8_jobject
                0x000000000000121c       0x30 debug\s3eAndroidOS_platform.os
                0x000000000000121c                _JNIEnv::DeleteGlobalRef(_jobject*)
 .text._ZN7_JNIEnv14DeleteLocalRefEP8_jobject
                0x000000000000124c       0x30 debug\s3eAndroidOS_platform.os
                0x000000000000124c                _JNIEnv::DeleteLocalRef(_jobject*)
 .text._ZN7_JNIEnv9NewObjectEP7_jclassP10_jmethodIDz
                0x000000000000127c       0x58 debug\s3eAndroidOS_platform.os
                0x000000000000127c                _JNIEnv::NewObject(_jclass*, _jmethodID*, ...)
 .text._ZN7_JNIEnv11GetMethodIDEP7_jclassPKcS3_
                0x00000000000012d4       0x4c debug\s3eAndroidOS_platform.os
                0x00000000000012d4                _JNIEnv::GetMethodID(_jclass*, char const*, char const*)
 .text._ZN7_JNIEnv17GetStaticMethodIDEP7_jclassPKcS3_
                0x0000000000001320       0x4c debug\s3eAndroidOS_platform.os
                0x0000000000001320                _JNIEnv::GetStaticMethodID(_jclass*, char const*, char const*)
 .text._ZN7_JNIEnv22CallStaticObjectMethodEP7_jclassP10_jmethodIDz
                0x000000000000136c       0x58 debug\s3eAndroidOS_platform.os
                0x000000000000136c                _JNIEnv::CallStaticObjectMethod(_jclass*, _jmethodID*, ...)
 .text._ZN7_JNIEnv19CallStaticIntMethodEP7_jclassP10_jmethodIDz
                0x00000000000013c4       0x58 debug\s3eAndroidOS_platform.os
                0x00000000000013c4                _JNIEnv::CallStaticIntMethod(_jclass*, _jmethodID*, ...)
 .text._ZN7_JNIEnv17GetStringUTFCharsEP8_jstringPh
                0x000000000000141c       0x44 debug\s3eAndroidOS_platform.os
                0x000000000000141c                _JNIEnv::GetStringUTFChars(_jstring*, unsigned char*)
 .text._ZN7_JNIEnv21ReleaseStringUTFCharsEP8_jstringPKc
                0x0000000000001460       0x38 debug\s3eAndroidOS_platform.os
                0x0000000000001460                _JNIEnv::ReleaseStringUTFChars(_jstring*, char const*)
 .text._ZN7_JavaVM6GetEnvEPPvi
                0x0000000000001498       0x44 debug\s3eAndroidOS_platform.os
                0x0000000000001498                _JavaVM::GetEnv(void**, int)
 .text._ZL15s3eEdkJNIGetEnvv
                0x00000000000014dc       0x40 debug\s3eAndroidOS_platform.os
 .text._ZL27s3eEdkAndroidFindClass_realPKc
                0x000000000000151c       0x8c debug\s3eAndroidOS_platform.os
 .text._ZL22s3eEdkAndroidFindClassPKc
                0x00000000000015a8       0x3c debug\s3eAndroidOS_platform.os
 .text._Z25s3eAndroidOSInit_platformv
                0x00000000000015e4      0x35c debug\s3eAndroidOS_platform.os
                0x00000000000015e4                s3eAndroidOSInit_platform()
 .text._Z30s3eAndroidOSTerminate_platformv
                0x0000000000001940        0x4 debug\s3eAndroidOS_platform.os
                0x0000000000001940                s3eAndroidOSTerminate_platform()
 .text._Z36s3eAndroidOSGetManufacturer_platformv
                0x0000000000001944       0xa8 debug\s3eAndroidOS_platform.os
                0x0000000000001944                s3eAndroidOSGetManufacturer_platform()
 .text._Z29s3eAndroidOSGetModel_platformv
                0x00000000000019ec       0xa8 debug\s3eAndroidOS_platform.os
                0x00000000000019ec                s3eAndroidOSGetModel_platform()
 .text._Z34s3eAndroidOSGetUIModeType_platformv
                0x0000000000001a94       0x54 debug\s3eAndroidOS_platform.os
                0x0000000000001a94                s3eAndroidOSGetUIModeType_platform()
 .text._Z16s3eAndroidOSInitv
                0x0000000000001ae8       0x18 debug\s3eAndroidOS.os
                0x0000000000001ae8                s3eAndroidOSInit()
 .text._Z21s3eAndroidOSTerminatev
                0x0000000000001b00        0xc debug\s3eAndroidOS.os
                0x0000000000001b00                s3eAndroidOSTerminate()
 .text.s3eAndroidOSGetManufacturer
                0x0000000000001b0c       0x18 debug\s3eAndroidOS.os
                0x0000000000001b0c                s3eAndroidOSGetManufacturer
 .text.s3eAndroidOSGetModel
                0x0000000000001b24       0x18 debug\s3eAndroidOS.os
                0x0000000000001b24                s3eAndroidOSGetModel
 .text.s3eAndroidOSGetUIModeType
                0x0000000000001b3c       0x18 debug\s3eAndroidOS.os
                0x0000000000001b3c                s3eAndroidOSGetUIModeType
 .text._Z23s3eAndroidOSRegisterExtv
                0x0000000000001b54       0xc4 debug\s3eAndroidOS_register.os
                0x0000000000001b54                s3eAndroidOSRegisterExt()
 .text.RegisterExt
                0x0000000000001c18        0xc debug\s3eAndroidOS_register.os
                0x0000000000001c18                RegisterExt
 .text.IwDebugTraceIsChannelOn
                0x0000000000001c24      0x2a8 C:\marmalade\8.0\s3e\edk\lib\android\libedk.a(IwDebug.o)
                0x0000000000001c24                IwDebugTraceIsChannelOn
 .text.IwDebugTraceSetTraceChannel
                0x0000000000001ecc       0x18 C:\marmalade\8.0\s3e\edk\lib\android\libedk.a(IwDebug.o)
                0x0000000000001ecc                IwDebugTraceSetTraceChannel
 .text.IwDebugTraceLineVPrintf
                0x0000000000001ee4       0xf8 C:\marmalade\8.0\s3e\edk\lib\android\libedk.a(IwDebug.o)
                0x0000000000001ee4                IwDebugTraceLineVPrintf
 .text.IwDebugTraceLinePrintf
                0x0000000000001fdc       0x30 C:\marmalade\8.0\s3e\edk\lib\android\libedk.a(IwDebug.o)
                0x0000000000001fdc                IwDebugTraceLinePrintf
 .text.s3eEdkThreadRunOnOS
                0x000000000000200c       0x30 C:\marmalade\8.0\s3e\edk\lib\android\libedk.a(edk_helpers.o)
                0x000000000000200c                s3eEdkThreadRunOnOS
 .text.libplaceholderplaceholderplaceholderplaceholderplaceholder
                0x000000000000203c        0x4 C:\marmalade\8.0\s3e\edk\lib\android\libedk.a(android_edk_marker.o)
                0x000000000000203c                libplaceholderplaceholderplaceholderplaceholderplaceholder
 .text          0x0000000000002040       0x44 c:/android-ndk-r10e/toolchains/arm-linux-androideabi-4.9/prebuilt/windows-x86_64/bin/../lib/gcc/arm-linux-androideabi/4.9\libgcc.a(_aeabi_ldivmod.o)
                0x0000000000002040                __aeabi_ldivmod
 .text          0x0000000000002084       0x10 c:/android-ndk-r10e/toolchains/arm-linux-androideabi-4.9/prebuilt/windows-x86_64/bin/../lib/gcc/arm-linux-androideabi/4.9\libgcc.a(_dvmd_lnx.o)
                0x0000000000002084                __aeabi_idiv0
                0x0000000000002084                __aeabi_ldiv0
 .text          0x0000000000002094       0x78 c:/android-ndk-r10e/toolchains/arm-linux-androideabi-4.9/prebuilt/windows-x86_64/bin/../lib/gcc/arm-linux-androideabi/4.9\libgcc.a(bpabi.o)
                0x0000000000002094                __gnu_ldivmod_helper
                0x00000000000020d0                __gnu_uldivmod_helper
 .text          0x000000000000210c      0xee8 c:/android-ndk-r10e/toolchains/arm-linux-androideabi-4.9/prebuilt/windows-x86_64/bin/../lib/gcc/arm-linux-androideabi/4.9\libgcc.a(unwind-arm.o)
                0x0000000000002538                _Unwind_GetCFA
                0x0000000000002540                __gnu_Unwind_RaiseException
                0x00000000000025e4                __gnu_Unwind_ForcedUnwind
                0x0000000000002600                __gnu_Unwind_Resume
                0x0000000000002674                __gnu_Unwind_Resume_or_Rethrow
                0x0000000000002694                _Unwind_Complete
                0x0000000000002698                _Unwind_DeleteException
                0x00000000000026b0                _Unwind_VRS_Get
                0x0000000000002734                _Unwind_VRS_Set
                0x00000000000027bc                __gnu_Unwind_Backtrace
                0x0000000000002c74                __aeabi_unwind_cpp_pr0
                0x0000000000002c7c                __aeabi_unwind_cpp_pr1
                0x0000000000002c84                __aeabi_unwind_cpp_pr2
                0x0000000000002c8c                _Unwind_VRS_Pop
 .text          0x0000000000002ff4      0x1a8 c:/android-ndk-r10e/toolchains/arm-linux-androideabi-4.9/prebuilt/windows-x86_64/bin/../lib/gcc/arm-linux-androideabi/4.9\libgcc.a(libunwind.o)
                0x0000000000002ff4                __restore_core_regs
                0x0000000000002ff4                restore_core_regs
                0x0000000000003008                __gnu_Unwind_Restore_VFP
                0x0000000000003010                __gnu_Unwind_Save_VFP
                0x0000000000003018                __gnu_Unwind_Restore_VFP_D
                0x0000000000003020                __gnu_Unwind_Save_VFP_D
                0x0000000000003028                __gnu_Unwind_Restore_VFP_D_16_to_31
                0x0000000000003030                __gnu_Unwind_Save_VFP_D_16_to_31
                0x0000000000003038                __gnu_Unwind_Restore_WMMXD
                0x000000000000307c                __gnu_Unwind_Save_WMMXD
                0x00000000000030c0                __gnu_Unwind_Restore_WMMXC
                0x00000000000030d4                __gnu_Unwind_Save_WMMXC
                0x00000000000030e8                ___Unwind_RaiseException
                0x00000000000030e8                _Unwind_RaiseException
                0x000000000000310c                _Unwind_Resume
                0x000000000000310c                ___Unwind_Resume
                0x0000000000003130                _Unwind_Resume_or_Rethrow
                0x0000000000003130                ___Unwind_Resume_or_Rethrow
                0x0000000000003154                _Unwind_ForcedUnwind
                0x0000000000003154                ___Unwind_ForcedUnwind
                0x0000000000003178                ___Unwind_Backtrace
                0x0000000000003178                _Unwind_Backtrace
 .text          0x000000000000319c      0x490 c:/android-ndk-r10e/toolchains/arm-linux-androideabi-4.9/prebuilt/windows-x86_64/bin/../lib/gcc/arm-linux-androideabi/4.9\libgcc.a(pr-support.o)
                0x0000000000003228                __gnu_unwind_execute
                0x00000000000035b0                __gnu_unwind_frame
                0x00000000000035f0                _Unwind_GetRegionStart
                0x0000000000003600                _Unwind_GetLanguageSpecificData
                0x000000000000361c                _Unwind_GetDataRelBase
                0x0000000000003624                _Unwind_GetTextRelBase
 .text          0x000000000000362c      0x194 c:/android-ndk-r10e/toolchains/arm-linux-androideabi-4.9/prebuilt/windows-x86_64/bin/../lib/gcc/arm-linux-androideabi/4.9\libgcc.a(_divdi3.o)
                0x000000000000362c                __divdi3
 .text          0x00000000000037c0      0x110 c:/android-ndk-r10e/toolchains/arm-linux-androideabi-4.9/prebuilt/windows-x86_64/bin/../lib/gcc/arm-linux-androideabi/4.9\libgcc.a(_udivdi3.o)
                0x00000000000037c0                __udivdi3
 .text          0x00000000000038d0       0x1c c:/android-ndk-r10e/toolchains/arm-linux-androideabi-4.9/prebuilt/windows-x86_64/bin/../lib/gcc/arm-linux-androideabi/4.9\libgcc.a(_lshrdi3.o)
                0x00000000000038d0                __lshrdi3
                0x00000000000038d0                __aeabi_llsr
 .text          0x00000000000038ec       0x1c c:/android-ndk-r10e/toolchains/arm-linux-androideabi-4.9/prebuilt/windows-x86_64/bin/../lib/gcc/arm-linux-androideabi/4.9\libgcc.a(_ashldi3.o)
                0x00000000000038ec                __aeabi_llsl
                0x00000000000038ec                __ashldi3
 *(.gnu.warning)
 *(.glue_7t)
 .glue_7t       0x0000000000003908        0x0 linker stubs
 *(.glue_7)
 .glue_7        0x0000000000003908        0x0 linker stubs
 *(.vfp11_veneer)
 .vfp11_veneer  0x0000000000003908        0x0 linker stubs
 *(.v4_bx)
 .v4_bx         0x0000000000003908        0x0 linker stubs

.fini
 *(SORT(.fini))
                0x0000000000003908                PROVIDE (__etext, .)
                0x0000000000003908                PROVIDE (_etext, .)
                0x0000000000003908                PROVIDE (etext, .)

.rodata         0x0000000000003908      0x204
 *(.rodata .rodata.* .gnu.linkonce.r.*)
 .rodata        0x0000000000003908       0xd8 debug\s3eAndroidOS_platform.os
 .rodata        0x00000000000039e0       0x10 debug\s3eAndroidOS_register.os
 .rodata.str1.4
                0x00000000000039f0      0x11c C:\marmalade\8.0\s3e\edk\lib\android\libedk.a(IwDebug.o)
                                        0x120 (size before relaxing)

.rodata1
 *(.rodata1)

.ARM.extab      0x0000000000003b0c       0x3c
 *(.ARM.extab* .gnu.linkonce.armextab.*)
 .ARM.extab     0x0000000000003b0c        0xc c:/android-ndk-r10e/toolchains/arm-linux-androideabi-4.9/prebuilt/windows-x86_64/bin/../lib/gcc/arm-linux-androideabi/4.9\libgcc.a(_dvmd_lnx.o)
 .ARM.extab     0x0000000000003b18       0x30 c:/android-ndk-r10e/toolchains/arm-linux-androideabi-4.9/prebuilt/windows-x86_64/bin/../lib/gcc/arm-linux-androideabi/4.9\libgcc.a(pr-support.o)
                0x0000000000003b48                PROVIDE (__exidx_start, .)

.ARM.exidx      0x0000000000003b48      0x120
 *(.ARM.exidx* .gnu.linkonce.armexidx.*)
 .ARM.exidx     0x0000000000003b48        0x8 c:/android-ndk-r10e/toolchains/arm-linux-androideabi-4.9/prebuilt/windows-x86_64/bin/../lib/gcc/arm-linux-androideabi/4.9\libgcc.a(_dvmd_lnx.o)
 .ARM.exidx     0x0000000000003b50       0x10 c:/android-ndk-r10e/toolchains/arm-linux-androideabi-4.9/prebuilt/windows-x86_64/bin/../lib/gcc/arm-linux-androideabi/4.9\libgcc.a(bpabi.o)
 .ARM.exidx     0x0000000000003b60       0xa8 c:/android-ndk-r10e/toolchains/arm-linux-androideabi-4.9/prebuilt/windows-x86_64/bin/../lib/gcc/arm-linux-androideabi/4.9\libgcc.a(unwind-arm.o)
                                         0xd8 (size before relaxing)
 .ARM.exidx     0x0000000000003c08       0x48 c:/android-ndk-r10e/toolchains/arm-linux-androideabi-4.9/prebuilt/windows-x86_64/bin/../lib/gcc/arm-linux-androideabi/4.9\libgcc.a(pr-support.o)
 .ARM.exidx     0x0000000000003c50        0x8 c:/android-ndk-r10e/toolchains/arm-linux-androideabi-4.9/prebuilt/windows-x86_64/bin/../lib/gcc/arm-linux-androideabi/4.9\libgcc.a(_divdi3.o)
 .ARM.exidx     0x0000000000003c58       0x10 c:/android-ndk-r10e/toolchains/arm-linux-androideabi-4.9/prebuilt/windows-x86_64/bin/../lib/gcc/arm-linux-androideabi/4.9\libgcc.a(_udivdi3.o)
                                          0x8 (size before relaxing)
                0x0000000000003c68                PROVIDE (__exidx_end, .)

.eh_frame_hdr   0x0000000000003c68        0x0
 *(.eh_frame_hdr)
 .eh_frame_hdr  0x0000000000003c68        0x0 C:/android-ndk-r10e/platforms/android-14/arch-arm/usr/lib/crtend_so.o

.eh_frame
 *(.eh_frame)

.gcc_except_table
 *(.gcc_except_table .gcc_except_table.*)

.exception_ranges
 *(.exception_ranges .exception_ranges*)
                0x0000000000010000                . = ALIGN (0x10000)
                0x0000000000010e88                . = DATA_SEGMENT_ALIGN (0x10000, 0x1000)

.eh_frame
 *(.eh_frame)

.gcc_except_table
 *(.gcc_except_table .gcc_except_table.*)

.exception_ranges
 *(.exception_ranges .exception_ranges*)

.tdata
 *(.tdata .tdata.* .gnu.linkonce.td.*)

.tbss
 *(.tbss .tbss.* .gnu.linkonce.tb.*)
 *(.tcommon)
                0x0000000000010e88                . = ALIGN (0x4)

.preinit_array
 *(.preinit_array)

.init_array     0x0000000000010e88        0x8
 *crtbegin*.o(.init_array)
 *(SORT(.init_array.*) SORT(.ctors.*))
 *(.init_array EXCLUDE_FILE(*crtend*.o *crtend.o *crtbegin*.o *crtbegin.o) .ctors)
 .init_array    0x0000000000010e88        0x4 C:\marmalade\8.0\s3e\edk\lib\android\libedk.a(IwDebug.o)
 .init_array    0x0000000000010e8c        0x4 C:/android-ndk-r10e/platforms/android-14/arch-arm/usr/lib/crtend_so.o

.fini_array     0x0000000000010e90        0x8
 *crtbegin*.o(.fini_array)
 .fini_array    0x0000000000010e90        0x4 C:/android-ndk-r10e/platforms/android-14/arch-arm/usr/lib/crtbegin_so.o
 *(SORT(.fini_array.*) SORT(.dtors.*))
 *(.fini_array EXCLUDE_FILE(*crtend*.o *crtend.o *crtbegin*.o *crtbegin.o) .dtors)
 .fini_array    0x0000000000010e94        0x4 C:/android-ndk-r10e/platforms/android-14/arch-arm/usr/lib/crtend_so.o

.ctors
 *crtbegin.o(.ctors)
 *crtbegin*.o(.ctors)
 *(EXCLUDE_FILE(*crtend*.o *crtend.o) .ctors)
 *(SORT(.ctors.*))
 *(.ctors)

.dtors
 *crtbegin.o(.dtors)
 *crtbegin*.o(.dtors)
 *(EXCLUDE_FILE(*crtend*.o *crtend.o) .dtors)
 *(SORT(.dtors.*))
 *(.dtors)

.jcr
 *(.jcr)

.data.rel.ro
 *(.data.rel.ro.local* .gnu.linkonce.d.rel.ro.local.*)
 *(.data.rel.ro .data.rel.ro.* .gnu.linkonce.d.rel.ro.*)

.dynamic        0x0000000000010e98       0xd8
 *(.dynamic)
 .dynamic       0x0000000000010e98       0xd8 C:/android-ndk-r10e/platforms/android-14/arch-arm/usr/lib/crtbegin_so.o
                0x0000000000010e98                _DYNAMIC

.got            0x0000000000010f70       0x90
 *(.got.plt)
 .got.plt       0x0000000000010f70       0x60 C:/android-ndk-r10e/platforms/android-14/arch-arm/usr/lib/crtbegin_so.o
                0x0000000000010f70                _GLOBAL_OFFSET_TABLE_
 *(.igot.plt)
 .igot.plt      0x0000000000010fd0        0x0 C:/android-ndk-r10e/platforms/android-14/arch-arm/usr/lib/crtbegin_so.o
 *(.got)
 .got           0x0000000000010fd0       0x30 C:/android-ndk-r10e/platforms/android-14/arch-arm/usr/lib/crtbegin_so.o
 *(.igot)
                0x0000000000011000                . = DATA_SEGMENT_RELRO_END (., 0x0)

.data           0x0000000000011000        0x4
                0x0000000000011000                PROVIDE (__data_start, .)
 *(.data .data.* .gnu.linkonce.d.*)
 .data          0x0000000000011000        0x4 C:/android-ndk-r10e/platforms/android-14/arch-arm/usr/lib/crtbegin_so.o
                0x0000000000011000                __dso_handle

.data1
 *(.data1)
                0x0000000000011004                _edata = .
                0x0000000000011004                PROVIDE (edata, .)
                0x0000000000011004                . = .
                0x0000000000011004                __bss_start = .
                0x0000000000011004                __bss_start__ = .

.bss            0x0000000000011004     0x1b3c
 *(.dynbss)
 .dynbss        0x0000000000011004        0x0 C:/android-ndk-r10e/platforms/android-14/arch-arm/usr/lib/crtbegin_so.o
 *(.bss .bss.* .gnu.linkonce.b.*)
 .bss           0x0000000000011004      0x114 debug\s3eAndroidOS_platform.os
 .bss           0x0000000000011118     0x1a28 C:\marmalade\8.0\s3e\edk\lib\android\libedk.a(IwDebug.o)
                0x0000000000011118                g_DebugGlobals
 *(COMMON)
                0x0000000000012b40                . = ALIGN (0x4)
                0x0000000000012b40                _bss_end__ = .
                0x0000000000012b40                __bss_end__ = .
                0x0000000000012b40                . = ALIGN (0x4)
                0x0000000000012b40                . = SEGMENT_START ("ldata-segment", .)
                0x0000000000012b40                . = ALIGN (0x4)
                0x0000000000012b40                __end__ = .
                0x0000000000012b40                _end = .
                0x0000000000012b40                _bss_end__ = .
                0x0000000000012b40                __bss_end__ = .
                0x0000000000012b40                __end__ = .
                0x0000000000012b40                PROVIDE (end, .)
                0x0000000000012b40                . = DATA_SEGMENT_END (.)

.stab
 *(.stab)

.stabstr
 *(.stabstr)

.stab.excl
 *(.stab.excl)

.stab.exclstr
 *(.stab.exclstr)

.stab.index
 *(.stab.index)

.stab.indexstr
 *(.stab.indexstr)

.comment        0x0000000000000000       0x34
 *(.comment)
 .comment       0x0000000000000000        0xf C:/android-ndk-r10e/platforms/android-14/arch-arm/usr/lib/crtbegin_so.o
                                         0x10 (size before relaxing)
 .comment       0x000000000000000f       0x25 debug\s3eAndroidOS_platform.os
                                         0x26 (size before relaxing)
 .comment       0x0000000000000034       0x26 debug\s3eAndroidOS.os
 .comment       0x0000000000000034       0x26 debug\s3eAndroidOS_register.os
 .comment       0x0000000000000034       0x26 C:\marmalade\8.0\s3e\edk\lib\android\libedk.a(IwDebug.o)
 .comment       0x0000000000000034       0x26 C:\marmalade\8.0\s3e\edk\lib\android\libedk.a(edk_helpers.o)
 .comment       0x0000000000000034       0x26 C:\marmalade\8.0\s3e\edk\lib\android\libedk.a(android_edk_marker.o)
 .comment       0x0000000000000034       0x26 c:/android-ndk-r10e/toolchains/arm-linux-androideabi-4.9/prebuilt/windows-x86_64/bin/../lib/gcc/arm-linux-androideabi/4.9\libgcc.a(bpabi.o)
 .comment       0x0000000000000034       0x26 c:/android-ndk-r10e/toolchains/arm-linux-androideabi-4.9/prebuilt/windows-x86_64/bin/../lib/gcc/arm-linux-androideabi/4.9\libgcc.a(unwind-arm.o)
 .comment       0x0000000000000034       0x26 c:/android-ndk-r10e/toolchains/arm-linux-androideabi-4.9/prebuilt/windows-x86_64/bin/../lib/gcc/arm-linux-androideabi/4.9\libgcc.a(pr-support.o)
 .comment       0x0000000000000034       0x26 c:/android-ndk-r10e/toolchains/arm-linux-androideabi-4.9/prebuilt/windows-x86_64/bin/../lib/gcc/arm-linux-androideabi/4.9\libgcc.a(_divdi3.o)
 .comment       0x0000000000000034       0x26 c:/android-ndk-r10e/toolchains/arm-linux-androideabi-4.9/prebuilt/windows-x86_64/bin/../lib/gcc/arm-linux-androideabi/4.9\libgcc.a(_udivdi3.o)

.ARM.attributes
                0x0000000000000000       0x2d
 .ARM.attributes
                0x0000000000000000       0x2b C:/android-ndk-r10e/platforms/android-14/arch-arm/usr/lib/crtbegin_so.o
 .ARM.attributes
                0x000000000000002b       0x2f debug\s3eAndroidOS_platform.os
 .ARM.attributes
                0x000000000000005a       0x2f debug\s3eAndroidOS.os
 .ARM.attributes
                0x0000000000000089       0x2f debug\s3eAndroidOS_register.os
 .ARM.attributes
                0x00000000000000b8       0x2f C:\marmalade\8.0\s3e\edk\lib\android\libedk.a(IwDebug.o)
 .ARM.attributes
                0x00000000000000e7       0x2f C:\marmalade\8.0\s3e\edk\lib\android\libedk.a(edk_helpers.o)
 .ARM.attributes
                0x0000000000000116       0x2f C:\marmalade\8.0\s3e\edk\lib\android\libedk.a(android_edk_marker.o)
 .ARM.attributes
                0x0000000000000145       0x1f c:/android-ndk-r10e/toolchains/arm-linux-androideabi-4.9/prebuilt/windows-x86_64/bin/../lib/gcc/arm-linux-androideabi/4.9\libgcc.a(_aeabi_ldivmod.o)
 .ARM.attributes
                0x0000000000000164       0x1f c:/android-ndk-r10e/toolchains/arm-linux-androideabi-4.9/prebuilt/windows-x86_64/bin/../lib/gcc/arm-linux-androideabi/4.9\libgcc.a(_dvmd_lnx.o)
 .ARM.attributes
                0x0000000000000183       0x2b c:/android-ndk-r10e/toolchains/arm-linux-androideabi-4.9/prebuilt/windows-x86_64/bin/../lib/gcc/arm-linux-androideabi/4.9\libgcc.a(bpabi.o)
 .ARM.attributes
                0x00000000000001ae       0x2b c:/android-ndk-r10e/toolchains/arm-linux-androideabi-4.9/prebuilt/windows-x86_64/bin/../lib/gcc/arm-linux-androideabi/4.9\libgcc.a(unwind-arm.o)
 .ARM.attributes
                0x00000000000001d9       0x1f c:/android-ndk-r10e/toolchains/arm-linux-androideabi-4.9/prebuilt/windows-x86_64/bin/../lib/gcc/arm-linux-androideabi/4.9\libgcc.a(libunwind.o)
 .ARM.attributes
                0x00000000000001f8       0x2b c:/android-ndk-r10e/toolchains/arm-linux-androideabi-4.9/prebuilt/windows-x86_64/bin/../lib/gcc/arm-linux-androideabi/4.9\libgcc.a(pr-support.o)
 .ARM.attributes
                0x0000000000000223       0x2b c:/android-ndk-r10e/toolchains/arm-linux-androideabi-4.9/prebuilt/windows-x86_64/bin/../lib/gcc/arm-linux-androideabi/4.9\libgcc.a(_divdi3.o)
 .ARM.attributes
                0x000000000000024e       0x2b c:/android-ndk-r10e/toolchains/arm-linux-androideabi-4.9/prebuilt/windows-x86_64/bin/../lib/gcc/arm-linux-androideabi/4.9\libgcc.a(_udivdi3.o)
 .ARM.attributes
                0x0000000000000279       0x1f c:/android-ndk-r10e/toolchains/arm-linux-androideabi-4.9/prebuilt/windows-x86_64/bin/../lib/gcc/arm-linux-androideabi/4.9\libgcc.a(_lshrdi3.o)
 .ARM.attributes
                0x0000000000000298       0x1f c:/android-ndk-r10e/toolchains/arm-linux-androideabi-4.9/prebuilt/windows-x86_64/bin/../lib/gcc/arm-linux-androideabi/4.9\libgcc.a(_ashldi3.o)
 .ARM.attributes
                0x00000000000002b7       0x1d C:/android-ndk-r10e/platforms/android-14/arch-arm/usr/lib/crtend_so.o

.debug
 *(.debug)

.line
 *(.line)

.debug_srcinfo
 *(.debug_srcinfo)

.debug_sfnames
 *(.debug_sfnames)

.debug_aranges  0x0000000000000000      0x278
 *(.debug_aranges)
 .debug_aranges
                0x0000000000000000       0xd0 debug\s3eAndroidOS_platform.os
 .debug_aranges
                0x00000000000000d0       0x40 debug\s3eAndroidOS.os
 .debug_aranges
                0x0000000000000110       0x28 debug\s3eAndroidOS_register.os
 .debug_aranges
                0x0000000000000138       0x20 c:/android-ndk-r10e/toolchains/arm-linux-androideabi-4.9/prebuilt/windows-x86_64/bin/../lib/gcc/arm-linux-androideabi/4.9\libgcc.a(_aeabi_ldivmod.o)
 .debug_aranges
                0x0000000000000158       0x20 c:/android-ndk-r10e/toolchains/arm-linux-androideabi-4.9/prebuilt/windows-x86_64/bin/../lib/gcc/arm-linux-androideabi/4.9\libgcc.a(_dvmd_lnx.o)
 .debug_aranges
                0x0000000000000178       0x20 c:/android-ndk-r10e/toolchains/arm-linux-androideabi-4.9/prebuilt/windows-x86_64/bin/../lib/gcc/arm-linux-androideabi/4.9\libgcc.a(bpabi.o)
 .debug_aranges
                0x0000000000000198       0x20 c:/android-ndk-r10e/toolchains/arm-linux-androideabi-4.9/prebuilt/windows-x86_64/bin/../lib/gcc/arm-linux-androideabi/4.9\libgcc.a(unwind-arm.o)
 .debug_aranges
                0x00000000000001b8       0x20 c:/android-ndk-r10e/toolchains/arm-linux-androideabi-4.9/prebuilt/windows-x86_64/bin/../lib/gcc/arm-linux-androideabi/4.9\libgcc.a(libunwind.o)
 .debug_aranges
                0x00000000000001d8       0x20 c:/android-ndk-r10e/toolchains/arm-linux-androideabi-4.9/prebuilt/windows-x86_64/bin/../lib/gcc/arm-linux-androideabi/4.9\libgcc.a(pr-support.o)
 .debug_aranges
                0x00000000000001f8       0x20 c:/android-ndk-r10e/toolchains/arm-linux-androideabi-4.9/prebuilt/windows-x86_64/bin/../lib/gcc/arm-linux-androideabi/4.9\libgcc.a(_divdi3.o)
 .debug_aranges
                0x0000000000000218       0x20 c:/android-ndk-r10e/toolchains/arm-linux-androideabi-4.9/prebuilt/windows-x86_64/bin/../lib/gcc/arm-linux-androideabi/4.9\libgcc.a(_udivdi3.o)
 .debug_aranges
                0x0000000000000238       0x20 c:/android-ndk-r10e/toolchains/arm-linux-androideabi-4.9/prebuilt/windows-x86_64/bin/../lib/gcc/arm-linux-androideabi/4.9\libgcc.a(_lshrdi3.o)
 .debug_aranges
                0x0000000000000258       0x20 c:/android-ndk-r10e/toolchains/arm-linux-androideabi-4.9/prebuilt/windows-x86_64/bin/../lib/gcc/arm-linux-androideabi/4.9\libgcc.a(_ashldi3.o)

.debug_pubnames
 *(.debug_pubnames)

.debug_info     0x0000000000000000     0x8af5
 *(.debug_info .gnu.linkonce.wi.*)
 .debug_info    0x0000000000000000     0x5acd debug\s3eAndroidOS_platform.os
 .debug_info    0x0000000000005acd      0x10d debug\s3eAndroidOS.os
 .debug_info    0x0000000000005bda       0xe6 debug\s3eAndroidOS_register.os
 .debug_info    0x0000000000005cc0       0xcb c:/android-ndk-r10e/toolchains/arm-linux-androideabi-4.9/prebuilt/windows-x86_64/bin/../lib/gcc/arm-linux-androideabi/4.9\libgcc.a(_aeabi_ldivmod.o)
 .debug_info    0x0000000000005d8b       0xcf c:/android-ndk-r10e/toolchains/arm-linux-androideabi-4.9/prebuilt/windows-x86_64/bin/../lib/gcc/arm-linux-androideabi/4.9\libgcc.a(_dvmd_lnx.o)
 .debug_info    0x0000000000005e5a      0x160 c:/android-ndk-r10e/toolchains/arm-linux-androideabi-4.9/prebuilt/windows-x86_64/bin/../lib/gcc/arm-linux-androideabi/4.9\libgcc.a(bpabi.o)
 .debug_info    0x0000000000005fba     0x1bbc c:/android-ndk-r10e/toolchains/arm-linux-androideabi-4.9/prebuilt/windows-x86_64/bin/../lib/gcc/arm-linux-androideabi/4.9\libgcc.a(unwind-arm.o)
 .debug_info    0x0000000000007b76       0xcf c:/android-ndk-r10e/toolchains/arm-linux-androideabi-4.9/prebuilt/windows-x86_64/bin/../lib/gcc/arm-linux-androideabi/4.9\libgcc.a(libunwind.o)
 .debug_info    0x0000000000007c45      0x8af c:/android-ndk-r10e/toolchains/arm-linux-androideabi-4.9/prebuilt/windows-x86_64/bin/../lib/gcc/arm-linux-androideabi/4.9\libgcc.a(pr-support.o)
 .debug_info    0x00000000000084f4      0x287 c:/android-ndk-r10e/toolchains/arm-linux-androideabi-4.9/prebuilt/windows-x86_64/bin/../lib/gcc/arm-linux-androideabi/4.9\libgcc.a(_divdi3.o)
 .debug_info    0x000000000000877b      0x1dc c:/android-ndk-r10e/toolchains/arm-linux-androideabi-4.9/prebuilt/windows-x86_64/bin/../lib/gcc/arm-linux-androideabi/4.9\libgcc.a(_udivdi3.o)
 .debug_info    0x0000000000008957       0xcf c:/android-ndk-r10e/toolchains/arm-linux-androideabi-4.9/prebuilt/windows-x86_64/bin/../lib/gcc/arm-linux-androideabi/4.9\libgcc.a(_lshrdi3.o)
 .debug_info    0x0000000000008a26       0xcf c:/android-ndk-r10e/toolchains/arm-linux-androideabi-4.9/prebuilt/windows-x86_64/bin/../lib/gcc/arm-linux-androideabi/4.9\libgcc.a(_ashldi3.o)

.debug_abbrev   0x0000000000000000      0xdae
 *(.debug_abbrev)
 .debug_abbrev  0x0000000000000000      0x2af debug\s3eAndroidOS_platform.os
 .debug_abbrev  0x00000000000002af       0xa7 debug\s3eAndroidOS.os
 .debug_abbrev  0x0000000000000356       0x8b debug\s3eAndroidOS_register.os
 .debug_abbrev  0x00000000000003e1       0x14 c:/android-ndk-r10e/toolchains/arm-linux-androideabi-4.9/prebuilt/windows-x86_64/bin/../lib/gcc/arm-linux-androideabi/4.9\libgcc.a(_aeabi_ldivmod.o)
 .debug_abbrev  0x00000000000003f5       0x14 c:/android-ndk-r10e/toolchains/arm-linux-androideabi-4.9/prebuilt/windows-x86_64/bin/../lib/gcc/arm-linux-androideabi/4.9\libgcc.a(_dvmd_lnx.o)
 .debug_abbrev  0x0000000000000409       0xb5 c:/android-ndk-r10e/toolchains/arm-linux-androideabi-4.9/prebuilt/windows-x86_64/bin/../lib/gcc/arm-linux-androideabi/4.9\libgcc.a(bpabi.o)
 .debug_abbrev  0x00000000000004be      0x413 c:/android-ndk-r10e/toolchains/arm-linux-androideabi-4.9/prebuilt/windows-x86_64/bin/../lib/gcc/arm-linux-androideabi/4.9\libgcc.a(unwind-arm.o)
 .debug_abbrev  0x00000000000008d1       0x14 c:/android-ndk-r10e/toolchains/arm-linux-androideabi-4.9/prebuilt/windows-x86_64/bin/../lib/gcc/arm-linux-androideabi/4.9\libgcc.a(libunwind.o)
 .debug_abbrev  0x00000000000008e5      0x275 c:/android-ndk-r10e/toolchains/arm-linux-androideabi-4.9/prebuilt/windows-x86_64/bin/../lib/gcc/arm-linux-androideabi/4.9\libgcc.a(pr-support.o)
 .debug_abbrev  0x0000000000000b5a      0x144 c:/android-ndk-r10e/toolchains/arm-linux-androideabi-4.9/prebuilt/windows-x86_64/bin/../lib/gcc/arm-linux-androideabi/4.9\libgcc.a(_divdi3.o)
 .debug_abbrev  0x0000000000000c9e       0xe8 c:/android-ndk-r10e/toolchains/arm-linux-androideabi-4.9/prebuilt/windows-x86_64/bin/../lib/gcc/arm-linux-androideabi/4.9\libgcc.a(_udivdi3.o)
 .debug_abbrev  0x0000000000000d86       0x14 c:/android-ndk-r10e/toolchains/arm-linux-androideabi-4.9/prebuilt/windows-x86_64/bin/../lib/gcc/arm-linux-androideabi/4.9\libgcc.a(_lshrdi3.o)
 .debug_abbrev  0x0000000000000d9a       0x14 c:/android-ndk-r10e/toolchains/arm-linux-androideabi-4.9/prebuilt/windows-x86_64/bin/../lib/gcc/arm-linux-androideabi/4.9\libgcc.a(_ashldi3.o)

.debug_line     0x0000000000000000     0x10e6
 *(.debug_line .debug_line.* .debug_line_end)
 .debug_line    0x0000000000000000      0x376 debug\s3eAndroidOS_platform.os
 .debug_line    0x0000000000000376       0xe2 debug\s3eAndroidOS.os
 .debug_line    0x0000000000000458       0x9a debug\s3eAndroidOS_register.os
 .debug_line    0x00000000000004f2       0x7c c:/android-ndk-r10e/toolchains/arm-linux-androideabi-4.9/prebuilt/windows-x86_64/bin/../lib/gcc/arm-linux-androideabi/4.9\libgcc.a(_aeabi_ldivmod.o)
 .debug_line    0x000000000000056e       0x7b c:/android-ndk-r10e/toolchains/arm-linux-androideabi-4.9/prebuilt/windows-x86_64/bin/../lib/gcc/arm-linux-androideabi/4.9\libgcc.a(_dvmd_lnx.o)
 .debug_line    0x00000000000005e9       0x7c c:/android-ndk-r10e/toolchains/arm-linux-androideabi-4.9/prebuilt/windows-x86_64/bin/../lib/gcc/arm-linux-androideabi/4.9\libgcc.a(bpabi.o)
 .debug_line    0x0000000000000665      0x529 c:/android-ndk-r10e/toolchains/arm-linux-androideabi-4.9/prebuilt/windows-x86_64/bin/../lib/gcc/arm-linux-androideabi/4.9\libgcc.a(unwind-arm.o)
 .debug_line    0x0000000000000b8e       0xc5 c:/android-ndk-r10e/toolchains/arm-linux-androideabi-4.9/prebuilt/windows-x86_64/bin/../lib/gcc/arm-linux-androideabi/4.9\libgcc.a(libunwind.o)
 .debug_line    0x0000000000000c53      0x1a2 c:/android-ndk-r10e/toolchains/arm-linux-androideabi-4.9/prebuilt/windows-x86_64/bin/../lib/gcc/arm-linux-androideabi/4.9\libgcc.a(pr-support.o)
 .debug_line    0x0000000000000df5       0xfe c:/android-ndk-r10e/toolchains/arm-linux-androideabi-4.9/prebuilt/windows-x86_64/bin/../lib/gcc/arm-linux-androideabi/4.9\libgcc.a(_divdi3.o)
 .debug_line    0x0000000000000ef3       0xf7 c:/android-ndk-r10e/toolchains/arm-linux-androideabi-4.9/prebuilt/windows-x86_64/bin/../lib/gcc/arm-linux-androideabi/4.9\libgcc.a(_udivdi3.o)
 .debug_line    0x0000000000000fea       0x7e c:/android-ndk-r10e/toolchains/arm-linux-androideabi-4.9/prebuilt/windows-x86_64/bin/../lib/gcc/arm-linux-androideabi/4.9\libgcc.a(_lshrdi3.o)
 .debug_line    0x0000000000001068       0x7e c:/android-ndk-r10e/toolchains/arm-linux-androideabi-4.9/prebuilt/windows-x86_64/bin/../lib/gcc/arm-linux-androideabi/4.9\libgcc.a(_ashldi3.o)

.debug_frame    0x0000000000000000      0x808
 *(.debug_frame)
 .debug_frame   0x0000000000000000      0x2bc debug\s3eAndroidOS_platform.os
 .debug_frame   0x00000000000002bc       0x88 debug\s3eAndroidOS.os
 .debug_frame   0x0000000000000344       0x44 debug\s3eAndroidOS_register.os
 .debug_frame   0x0000000000000388       0x28 c:/android-ndk-r10e/toolchains/arm-linux-androideabi-4.9/prebuilt/windows-x86_64/bin/../lib/gcc/arm-linux-androideabi/4.9\libgcc.a(_aeabi_ldivmod.o)
 .debug_frame   0x00000000000003b0       0x54 c:/android-ndk-r10e/toolchains/arm-linux-androideabi-4.9/prebuilt/windows-x86_64/bin/../lib/gcc/arm-linux-androideabi/4.9\libgcc.a(bpabi.o)
 .debug_frame   0x0000000000000404      0x2ac c:/android-ndk-r10e/toolchains/arm-linux-androideabi-4.9/prebuilt/windows-x86_64/bin/../lib/gcc/arm-linux-androideabi/4.9\libgcc.a(unwind-arm.o)
 .debug_frame   0x00000000000006b0       0xe8 c:/android-ndk-r10e/toolchains/arm-linux-androideabi-4.9/prebuilt/windows-x86_64/bin/../lib/gcc/arm-linux-androideabi/4.9\libgcc.a(pr-support.o)
 .debug_frame   0x0000000000000798       0x38 c:/android-ndk-r10e/toolchains/arm-linux-androideabi-4.9/prebuilt/windows-x86_64/bin/../lib/gcc/arm-linux-androideabi/4.9\libgcc.a(_divdi3.o)
 .debug_frame   0x00000000000007d0       0x38 c:/android-ndk-r10e/toolchains/arm-linux-androideabi-4.9/prebuilt/windows-x86_64/bin/../lib/gcc/arm-linux-androideabi/4.9\libgcc.a(_udivdi3.o)

.debug_str      0x0000000000000000     0x5a59
 *(.debug_str)
 .debug_str     0x0000000000000000     0x4a5c debug\s3eAndroidOS_platform.os
                                       0x4bed (size before relaxing)
 .debug_str     0x0000000000004a5c       0xd1 debug\s3eAndroidOS.os
                                        0x2ee (size before relaxing)
 .debug_str     0x0000000000004b2d       0x8f debug\s3eAndroidOS_register.os
                                        0x2d3 (size before relaxing)
 .debug_str     0x0000000000004bbc      0x187 c:/android-ndk-r10e/toolchains/arm-linux-androideabi-4.9/prebuilt/windows-x86_64/bin/../lib/gcc/arm-linux-androideabi/4.9\libgcc.a(bpabi.o)
                                        0x1ac (size before relaxing)
 .debug_str     0x0000000000004d43      0xb9a c:/android-ndk-r10e/toolchains/arm-linux-androideabi-4.9/prebuilt/windows-x86_64/bin/../lib/gcc/arm-linux-androideabi/4.9\libgcc.a(unwind-arm.o)
                                        0xcaf (size before relaxing)
 .debug_str     0x00000000000058dd       0xf1 c:/android-ndk-r10e/toolchains/arm-linux-androideabi-4.9/prebuilt/windows-x86_64/bin/../lib/gcc/arm-linux-androideabi/4.9\libgcc.a(pr-support.o)
                                        0x5a8 (size before relaxing)
 .debug_str     0x00000000000059ce       0x8b c:/android-ndk-r10e/toolchains/arm-linux-androideabi-4.9/prebuilt/windows-x86_64/bin/../lib/gcc/arm-linux-androideabi/4.9\libgcc.a(_divdi3.o)
                                        0x2b7 (size before relaxing)
 .debug_str     0x0000000000005a59      0x294 c:/android-ndk-r10e/toolchains/arm-linux-androideabi-4.9/prebuilt/windows-x86_64/bin/../lib/gcc/arm-linux-androideabi/4.9\libgcc.a(_udivdi3.o)

.debug_loc      0x0000000000000000     0x206f
 *(.debug_loc)
 .debug_loc     0x0000000000000000       0xa0 c:/android-ndk-r10e/toolchains/arm-linux-androideabi-4.9/prebuilt/windows-x86_64/bin/../lib/gcc/arm-linux-androideabi/4.9\libgcc.a(bpabi.o)
 .debug_loc     0x00000000000000a0     0x15b9 c:/android-ndk-r10e/toolchains/arm-linux-androideabi-4.9/prebuilt/windows-x86_64/bin/../lib/gcc/arm-linux-androideabi/4.9\libgcc.a(unwind-arm.o)
 .debug_loc     0x0000000000001659      0x52f c:/android-ndk-r10e/toolchains/arm-linux-androideabi-4.9/prebuilt/windows-x86_64/bin/../lib/gcc/arm-linux-androideabi/4.9\libgcc.a(pr-support.o)
 .debug_loc     0x0000000000001b88      0x294 c:/android-ndk-r10e/toolchains/arm-linux-androideabi-4.9/prebuilt/windows-x86_64/bin/../lib/gcc/arm-linux-androideabi/4.9\libgcc.a(_divdi3.o)
 .debug_loc     0x0000000000001e1c      0x253 c:/android-ndk-r10e/toolchains/arm-linux-androideabi-4.9/prebuilt/windows-x86_64/bin/../lib/gcc/arm-linux-androideabi/4.9\libgcc.a(_udivdi3.o)

.debug_macinfo
 *(.debug_macinfo)

.debug_weaknames
 *(.debug_weaknames)

.debug_funcnames
 *(.debug_funcnames)

.debug_typenames
 *(.debug_typenames)

.debug_varnames
 *(.debug_varnames)

.debug_pubtypes
 *(.debug_pubtypes)

.debug_ranges   0x0000000000000000      0x220
 *(.debug_ranges)
 .debug_ranges  0x0000000000000000       0xc0 debug\s3eAndroidOS_platform.os
 .debug_ranges  0x00000000000000c0       0x30 debug\s3eAndroidOS.os
 .debug_ranges  0x00000000000000f0       0x18 debug\s3eAndroidOS_register.os
 .debug_ranges  0x0000000000000108       0xb0 c:/android-ndk-r10e/toolchains/arm-linux-androideabi-4.9/prebuilt/windows-x86_64/bin/../lib/gcc/arm-linux-androideabi/4.9\libgcc.a(unwind-arm.o)
 .debug_ranges  0x00000000000001b8       0x30 c:/android-ndk-r10e/toolchains/arm-linux-androideabi-4.9/prebuilt/windows-x86_64/bin/../lib/gcc/arm-linux-androideabi/4.9\libgcc.a(pr-support.o)
 .debug_ranges  0x00000000000001e8       0x18 c:/android-ndk-r10e/toolchains/arm-linux-androideabi-4.9/prebuilt/windows-x86_64/bin/../lib/gcc/arm-linux-androideabi/4.9\libgcc.a(_divdi3.o)
 .debug_ranges  0x0000000000000200       0x20 c:/android-ndk-r10e/toolchains/arm-linux-androideabi-4.9/prebuilt/windows-x86_64/bin/../lib/gcc/arm-linux-androideabi/4.9\libgcc.a(_udivdi3.o)

.debug_macro
 *(.debug_macro)

.gnu.attributes
 *(.gnu.attributes)

.note.gnu.arm.ident
 *(.note.gnu.arm.ident)

/DISCARD/
 *(.note.GNU-stack)
 *(.gnu_debuglink)
 *(.gnu.lto_*)
 *(.mdebug.*)
OUTPUT(C:\Users\Dan\Projects\BAMF\s3eAndroidOS\lib\android\libs3eAndroidOS_d.so elf32-littlearm)
